Archive member included to satisfy reference by file (symbol)

/opt/devkitpro/libnx/lib/libnx.a(applet.o)
                              main.o (appletMainLoop)
/opt/devkitpro/libnx/lib/libnx.a(hid.o)
                              main.o (hidKeysDown)
/opt/devkitpro/libnx/lib/libnx.a(apm.o)
                              /opt/devkitpro/libnx/lib/libnx.a(applet.o) (apmExit)
/opt/devkitpro/libnx/lib/libnx.a(sm.o)
                              /opt/devkitpro/libnx/lib/libnx.a(applet.o) (smGetService)
/opt/devkitpro/libnx/lib/libnx.a(fatal.o)
                              /opt/devkitpro/libnx/lib/libnx.a(applet.o) (fatalSimple)
/opt/devkitpro/libnx/lib/libnx.a(gfx.o)
                              main.o (gfxInitDefault)
/opt/devkitpro/libnx/lib/libnx.a(nvgfx.o)
                              /opt/devkitpro/libnx/lib/libnx.a(gfx.o) (nvgfxInitialize)
/opt/devkitpro/libnx/lib/libnx.a(socket.o)
                              main.o (socketGetDefaultInitConfig)
/opt/devkitpro/libnx/lib/libnx.a(console.o)
                              main.o (consoleInit)
/opt/devkitpro/libnx/lib/libnx.a(convert_errno.o)
                              /opt/devkitpro/libnx/lib/libnx.a(socket.o) (_convert_errno)
/opt/devkitpro/libnx/lib/libnx.a(cache.o)
                              /opt/devkitpro/libnx/lib/libnx.a(gfx.o) (armDCacheFlush)
/opt/devkitpro/libnx/lib/libnx.a(svc.o)
                              /opt/devkitpro/libnx/lib/libnx.a(fatal.o) (svcExitProcess)
/opt/devkitpro/libnx/lib/libnx.a(readtp.o)
                              /opt/devkitpro/libnx/lib/libnx.a(socket.o) (__aarch64_read_tp)
/opt/devkitpro/libnx/lib/libnx.a(switch_crt0.o)
                              (_start)
/opt/devkitpro/libnx/lib/libnx.a(default_font.bin.o)
                              /opt/devkitpro/libnx/lib/libnx.a(console.o) (default_font_bin)
/opt/devkitpro/libnx/lib/libnx.a(detect.o)
                              /opt/devkitpro/libnx/lib/libnx.a(applet.o) (kernelAbove200)
/opt/devkitpro/libnx/lib/libnx.a(shmem.o)
                              /opt/devkitpro/libnx/lib/libnx.a(hid.o) (shmemLoadRemote)
/opt/devkitpro/libnx/lib/libnx.a(rwlock.o)
                              /opt/devkitpro/libnx/lib/libnx.a(hid.o) (rwlockReadLock)
/opt/devkitpro/libnx/lib/libnx.a(mutex.o)
                              /opt/devkitpro/libnx/lib/libnx.a(detect.o) (mutexLock)
/opt/devkitpro/libnx/lib/libnx.a(virtmem.o)
                              /opt/devkitpro/libnx/lib/libnx.a(shmem.o) (virtmemReserve)
/opt/devkitpro/libnx/lib/libnx.a(event.o)
                              /opt/devkitpro/libnx/lib/libnx.a(gfx.o) (eventWait)
/opt/devkitpro/libnx/lib/libnx.a(nv.o)
                              /opt/devkitpro/libnx/lib/libnx.a(gfx.o) (nvExit)
/opt/devkitpro/libnx/lib/libnx.a(sfdnsres.o)
                              /opt/devkitpro/libnx/lib/libnx.a(socket.o) (sfdnsresGetHostByName)
/opt/devkitpro/libnx/lib/libnx.a(vi.o)
                              /opt/devkitpro/libnx/lib/libnx.a(gfx.o) (viExit)
/opt/devkitpro/libnx/lib/libnx.a(bsd.o)
                              /opt/devkitpro/libnx/lib/libnx.a(socket.o) (g_bsdResult)
/opt/devkitpro/libnx/lib/libnx.a(nifm.o)
                              /opt/devkitpro/libnx/lib/libnx.a(socket.o) (nifmGetCurrentIpAddress)
/opt/devkitpro/libnx/lib/libnx.a(fence.o)
                              /opt/devkitpro/libnx/lib/libnx.a(gfx.o) (nvFenceInit)
/opt/devkitpro/libnx/lib/libnx.a(nvhost-ctrl.o)
                              /opt/devkitpro/libnx/lib/libnx.a(fence.o) (nvioctlNvhostCtrl_EventSignal)
/opt/devkitpro/libnx/lib/libnx.a(nvmap.o)
                              /opt/devkitpro/libnx/lib/libnx.a(nvgfx.o) (nvioctlNvmap_Create)
/opt/devkitpro/libnx/lib/libnx.a(buffer_producer.o)
                              /opt/devkitpro/libnx/lib/libnx.a(gfx.o) (bqRequestBuffer)
/opt/devkitpro/libnx/lib/libnx.a(binder.o)
                              /opt/devkitpro/libnx/lib/libnx.a(gfx.o) (binderCreate)
/opt/devkitpro/libnx/lib/libnx.a(parcel.o)
                              /opt/devkitpro/libnx/lib/libnx.a(buffer_producer.o) (parcelCreate)
/opt/devkitpro/libnx/lib/libnx.a(dynamic.o)
                              /opt/devkitpro/libnx/lib/libnx.a(switch_crt0.o) (__nx_dynamic)
/opt/devkitpro/libnx/lib/libnx.a(init.o)
                              /opt/devkitpro/libnx/lib/libnx.a(switch_crt0.o) (__libnx_init)
/opt/devkitpro/libnx/lib/libnx.a(env.o)
                              /opt/devkitpro/libnx/lib/libnx.a(init.o) (envSetup)
/opt/devkitpro/libnx/lib/libnx.a(newlib.o)
                              /opt/devkitpro/libnx/lib/libnx.a(init.o) (__libnx_init_time)
/opt/devkitpro/libnx/lib/libnx.a(argv.o)
                              /opt/devkitpro/libnx/lib/libnx.a(init.o) (argvSetup)
/opt/devkitpro/libnx/lib/libnx.a(fs_dev.o)
                              /opt/devkitpro/libnx/lib/libnx.a(init.o) (fsdevMountSdmc)
/opt/devkitpro/libnx/lib/libnx.a(decode_utf8.o)
                              /opt/devkitpro/libnx/lib/libnx.a(fs_dev.o) (decode_utf8)
[...]
Memory Configuration

Name             Origin             Length             Attributes
*default*        0x0000000000000000 0xffffffffffffffff

Linker script and memory map

                0x0000000000000000                PROVIDE (__start__ = 0x0)
                0x0000000000000000                . = __start__

.crt0           0x0000000000000000      0x130
 *(.crt0)
 .crt0          0x0000000000000000      0x130 /opt/devkitpro/libnx/lib/libnx.a(switch_crt0.o)
                0x0000000000000000                _start
                0x0000000000000104                __nx_exit
                0x0000000000000114                __nx_mod0
                0x0000000000000130                . = ALIGN (0x8)

.init           0x0000000000000130       0x38
 *(.init)
 .init          0x0000000000000130       0x18 /opt/devkitpro/devkitA64/bin/../lib/gcc/aarch64-none-elf/8.2.0/pic/crti.o
                0x0000000000000130                _init
 .init          0x0000000000000148       0x1c /opt/devkitpro/devkitA64/bin/../lib/gcc/aarch64-none-elf/8.2.0/pic/crtn.o
                0x0000000000000168                . = ALIGN (0x8)
 *fill*         0x0000000000000164        0x4 

.plt            0x0000000000000168        0x0
 *(.plt)
 .plt           0x0000000000000168        0x0 /opt/devkitpro/devkitA64/bin/../lib/gcc/aarch64-none-elf/8.2.0/pic/crti.o
 *(.iplt)
                0x0000000000000168                . = ALIGN (0x8)

.text           0x0000000000000180    0x273b0
 *(.text.unlikely .text.*_unlikely .text.unlikely.*)
 *(.text.exit .text.exit.*)
 .text.exit     0x0000000000000180       0x38 /opt/devkitpro/devkitA64/bin/../lib/gcc/aarch64-none-elf/8.2.0/../../../../aarch64-none-elf/lib/pic/libg.a(lib_a-exit.o)
                0x0000000000000180                exit
 *(.text.startup .text.startup.*)
 *fill*         0x00000000000001b8        0x8 
 .text.startup.main
                0x00000000000001c0      0x1a8 main.o
                0x00000000000001c0                main
 *(.text.hot .text.hot.*)
 *(.text .stub .text.* .gnu.linkonce.t.*)
 .text.deregister_tm_clones
                0x0000000000000368       0x2c /opt/devkitpro/devkitA64/bin/../lib/gcc/aarch64-none-elf/8.2.0/pic/crtbegin.o
 *fill*         0x0000000000000394        0x4 
 .text.register_tm_clones
                0x0000000000000398       0x38 /opt/devkitpro/devkitA64/bin/../lib/gcc/aarch64-none-elf/8.2.0/pic/crtbegin.o
 .text.__do_global_dtors_aux
                0x00000000000003d0       0x48 /opt/devkitpro/devkitA64/bin/../lib/gcc/aarch64-none-elf/8.2.0/pic/crtbegin.o
 .text.frame_dummy
                0x0000000000000418       0x34 /opt/devkitpro/devkitA64/bin/../lib/gcc/aarch64-none-elf/8.2.0/pic/crtbegin.o
 *fill*         0x000000000000044c        0x4 
 .text.publish_callback
                0x0000000000000450        0x4 main.o
                0x0000000000000450                publish_callback
 *fill*         0x0000000000000454        0xc 
 .text.init     0x0000000000000460       0x20 main.o
                0x0000000000000460                init
 .text.open_nb_socket
                0x0000000000000480      0x10c main.o
                0x0000000000000480                open_nb_socket
 *fill*         0x000000000000058c        0x4 
 .text.mqtt_unpack_fixed_header.part.0
                0x0000000000000590       0xd4 mqtt.o
 *fill*         0x0000000000000664        0xc 
 .text.__mqtt_next_pid
                0x0000000000000670       0x7c mqtt.o
                0x0000000000000670                __mqtt_next_pid
 *fill*         0x00000000000006ec        0x4 
 .text.mqtt_init
                0x00000000000006f0       0x7c mqtt.o
                0x00000000000006f0                mqtt_init
 *fill*         0x000000000000076c        0x4 
 .text.mqtt_pack_fixed_header
                0x0000000000000770       0xf4 mqtt.o
                0x0000000000000770                mqtt_pack_fixed_header
 *fill*         0x0000000000000864        0xc 
 .text.mqtt_unpack_publish_response
                0x0000000000000870       0x98 mqtt.o
                0x0000000000000870                mqtt_unpack_publish_response
 *fill*         0x0000000000000908        0x8 
 .text.mqtt_pack_pubxxx_request
                0x0000000000000910       0x84 mqtt.o
                0x0000000000000910                mqtt_pack_pubxxx_request
 *fill*         0x0000000000000994        0xc 
 .text.mqtt_mq_clean
                0x00000000000009a0      0x168 mqtt.o
                0x00000000000009a0                mqtt_mq_clean
 *fill*         0x0000000000000b08        0x8 
 .text.__mqtt_puback.part.1
                0x0000000000000b10       0xdc mqtt.o
 *fill*         0x0000000000000bec        0x4 
 .text.__mqtt_pubrec.part.2
                0x0000000000000bf0       0xdc mqtt.o
 *fill*         0x0000000000000ccc        0x4 
 .text.__mqtt_pubrel.part.3
                0x0000000000000cd0       0xdc mqtt.o
 *fill*         0x0000000000000dac        0x4 
 .text.__mqtt_pubcomp.part.4
                0x0000000000000db0       0xdc mqtt.o
 *fill*         0x0000000000000e8c        0x4 
 .text.__mqtt_ping.part.5
                0x0000000000000e90      0x104 mqtt.o
 *fill*         0x0000000000000f94        0xc 
 .text.__mqtt_send.part.6
                0x0000000000000fa0      0x2a8 mqtt.o
 *fill*         0x0000000000001248        0x8 
 .text.mqtt_unpack_response
                0x0000000000001250      0x198 mqtt.o
                0x0000000000001250                mqtt_unpack_response
 *fill*         0x00000000000013e8        0x8 
 .text.__mqtt_recv
                0x00000000000013f0      0x600 mqtt.o
                0x00000000000013f0                __mqtt_recv
 .text.mqtt_sync
                0x00000000000019f0       0x8c mqtt.o
                0x00000000000019f0                mqtt_sync
 *fill*         0x0000000000001a7c        0x4 
 .text.__mqtt_pack_str
                0x0000000000001a80       0x60 mqtt.o
                0x0000000000001a80                __mqtt_pack_str
 .text.mqtt_pack_connection_request
                0x0000000000001ae0      0x27c mqtt.o
                0x0000000000001ae0                mqtt_pack_connection_request
 *fill*         0x0000000000001d5c        0x4 
 .text.mqtt_connect
                0x0000000000001d60      0x194 mqtt.o
                0x0000000000001d60                mqtt_connect
 *fill*         0x0000000000001ef4        0xc 
 .text.mqtt_pack_publish_request
                0x0000000000001f00      0x148 mqtt.o
                0x0000000000001f00                mqtt_pack_publish_request
 *fill*         0x0000000000002048        0x8 
 .text.mqtt_publish
                0x0000000000002050      0x12c mqtt.o
                0x0000000000002050                mqtt_publish
 *fill*         0x000000000000217c        0x4 
 .text.mqtt_error_str
                0x0000000000002180       0x18 mqtt.o
                0x0000000000002180                mqtt_error_str
 *fill*         0x0000000000002198        0x8 
 .text.mqtt_pal_sendall
                0x00000000000021a0       0x94 mqtt_pal.o
                0x00000000000021a0                mqtt_pal_sendall
 *fill*         0x0000000000002234        0xc 
 .text.mqtt_pal_recvall
                0x0000000000002240       0x9c mqtt_pal.o
                0x0000000000002240                mqtt_pal_recvall
 *fill*         0x00000000000022dc        0x4 
 .text.ipcCloseObjectById
                0x00000000000022e0       0x34 /opt/devkitpro/libnx/lib/libnx.a(applet.o)
 *fill*         0x0000000000002314        0xc 
 .text._appletGetHandle
                0x0000000000002320      0x124 /opt/devkitpro/libnx/lib/libnx.a(applet.o)
 *fill*         0x0000000000002444        0xc 
 .text._appletGetPerformanceMode.constprop.14
                0x0000000000002450       0xe0 /opt/devkitpro/libnx/lib/libnx.a(applet.o)
 .text._appletGetOperationMode.constprop.13
                0x0000000000002530       0xe0 /opt/devkitpro/libnx/lib/libnx.a(applet.o)
 .text._appletGetCurrentFocusState.constprop.15
                0x0000000000002610       0xe0 /opt/devkitpro/libnx/lib/libnx.a(applet.o)
 .text._appletReceiveMessage
                0x00000000000026f0       0xec /opt/devkitpro/libnx/lib/libnx.a(applet.o)
 *fill*         0x00000000000027dc        0x4 
 .text._appletAcquireForegroundRights
                0x00000000000027e0       0xcc /opt/devkitpro/libnx/lib/libnx.a(applet.o)
 *fill*         0x00000000000028ac        0x4 
 .text._appletSetPerformanceModeChangedNotification.constprop.17
                0x00000000000028b0       0xd4 /opt/devkitpro/libnx/lib/libnx.a(applet.o)
 *fill*         0x0000000000002984        0xc 
 .text._appletSetOperationModeChangedNotification.constprop.16
                0x0000000000002990       0xd4 /opt/devkitpro/libnx/lib/libnx.a(applet.o)
 *fill*         0x0000000000002a64        0xc 
 .text._appletSetOutOfFocusSuspendingEnabled
                0x0000000000002a70       0xd0 /opt/devkitpro/libnx/lib/libnx.a(applet.o)
 .text._appletSetFocusHandlingMode
                0x0000000000002b40       0xd8 /opt/devkitpro/libnx/lib/libnx.a(applet.o)
 *fill*         0x0000000000002c18        0x8 
 .text._appletGetAppletResourceUserId.constprop.11
                0x0000000000002c20       0xe0 /opt/devkitpro/libnx/lib/libnx.a(applet.o)
 .text._appletGetSessionProxy.constprop.10
                0x0000000000002d00      0x13c /opt/devkitpro/libnx/lib/libnx.a(applet.o)
 *fill*         0x0000000000002e3c        0x4 
 .text.appletExit
                0x0000000000002e40      0x564 /opt/devkitpro/libnx/lib/libnx.a(applet.o)
                0x0000000000002e40                appletExit
 *fill*         0x00000000000033a4        0xc 
 .text.appletGetAppletType
                0x00000000000033b0       0x10 /opt/devkitpro/libnx/lib/libnx.a(applet.o)
                0x00000000000033b0                appletGetAppletType
 .text.appletHook
                0x00000000000033c0       0x28 /opt/devkitpro/libnx/lib/libnx.a(applet.o)
                0x00000000000033c0                appletHook
 *fill*         0x00000000000033e8        0x8 
 .text.appletUnhook
                0x00000000000033f0       0x34 /opt/devkitpro/libnx/lib/libnx.a(applet.o)
                0x00000000000033f0                appletUnhook
 *fill*         0x0000000000003424        0xc 
 .text.appletGetAppletResourceUserId
                0x0000000000003430       0x28 /opt/devkitpro/libnx/lib/libnx.a(applet.o)
                0x0000000000003430                appletGetAppletResourceUserId
 *fill*         0x0000000000003458        0x8 
 .text.appletNotifyRunning
                0x0000000000003460      0x120 /opt/devkitpro/libnx/lib/libnx.a(applet.o)
                0x0000000000003460                appletNotifyRunning
 .text.appletInitialize
                0x0000000000003580      0x56c /opt/devkitpro/libnx/lib/libnx.a(applet.o)
                0x0000000000003580                appletInitialize
 *fill*         0x0000000000003aec        0x4 
 .text.appletCreateManagedDisplayLayer
                0x0000000000003af0       0xec /opt/devkitpro/libnx/lib/libnx.a(applet.o)
                0x0000000000003af0                appletCreateManagedDisplayLayer
 *fill*         0x0000000000003bdc        0x4 
 .text.appletGetOperationMode
                0x0000000000003be0        0xc /opt/devkitpro/libnx/lib/libnx.a(applet.o)
                0x0000000000003be0                appletGetOperationMode
 *fill*         0x0000000000003bec        0x4 
 .text.appletMainLoop
                0x0000000000003bf0      0x144 /opt/devkitpro/libnx/lib/libnx.a(applet.o)
                0x0000000000003bf0                appletMainLoop
 *fill*         0x0000000000003d34        0xc 
 .text.ipcCloseObjectById
                0x0000000000003d40       0x34 /opt/devkitpro/libnx/lib/libnx.a(hid.o)
 *fill*         0x0000000000003d74        0xc 
 .text._hidGetSharedMemoryHandle.constprop.8
                0x0000000000003d80      0x124 /opt/devkitpro/libnx/lib/libnx.a(hid.o)
 *fill*         0x0000000000003ea4        0xc 
 .text._hidCreateAppletResource.constprop.7
                0x0000000000003eb0      0x134 /opt/devkitpro/libnx/lib/libnx.a(hid.o)
 *fill*         0x0000000000003fe4        0xc 
 .text.hidReset
                0x0000000000003ff0      0x1b0 /opt/devkitpro/libnx/lib/libnx.a(hid.o)
                0x0000000000003ff0                hidReset
 .text.hidGetSharedmemAddr
                0x00000000000041a0        0xc /opt/devkitpro/libnx/lib/libnx.a(hid.o)
                0x00000000000041a0                hidGetSharedmemAddr
 *fill*         0x00000000000041ac        0x4 
 .text.hidKeysDown
                0x00000000000041b0       0x6c /opt/devkitpro/libnx/lib/libnx.a(hid.o)
                0x00000000000041b0                hidKeysDown
 *fill*         0x000000000000421c        0x4 
 .text.hidTouchCount
                0x0000000000004220        0xc /opt/devkitpro/libnx/lib/libnx.a(hid.o)
                0x0000000000004220                hidTouchCount
 *fill*         0x000000000000422c        0x4 
 .text.hidScanInput
                0x0000000000004230      0x49c /opt/devkitpro/libnx/lib/libnx.a(hid.o)
                0x0000000000004230                hidScanInput
 *fill*         0x00000000000046cc        0x4 
 .text.hidSetNpadJoyAssignmentModeDual
                0x00000000000046d0      0x10c /opt/devkitpro/libnx/lib/libnx.a(hid.o)
                0x00000000000046d0                hidSetNpadJoyAssignmentModeDual
 *fill*         0x00000000000047dc        0x4 
 .text.hidExit  0x00000000000047e0      0x128 /opt/devkitpro/libnx/lib/libnx.a(hid.o)
                0x00000000000047e0                hidExit
 *fill*         0x0000000000004908        0x8 
 .text.hidInitialize
                0x0000000000004910      0x10c /opt/devkitpro/libnx/lib/libnx.a(hid.o)
                0x0000000000004910                hidInitialize
 *fill*         0x0000000000004a1c        0x4 
 .text.ipcCloseObjectById
                0x0000000000004a20       0x34 /opt/devkitpro/libnx/lib/libnx.a(apm.o)
 *fill*         0x0000000000004a54        0xc 
 .text._apmGetSession.constprop.4
                0x0000000000004a60      0x124 /opt/devkitpro/libnx/lib/libnx.a(apm.o)
 *fill*         0x0000000000004b84        0xc 
 .text.apmExit  0x0000000000004b90       0xf0 /opt/devkitpro/libnx/lib/libnx.a(apm.o)
                0x0000000000004b90                apmExit
 .text.apmInitialize
                0x0000000000004c80       0x8c /opt/devkitpro/libnx/lib/libnx.a(apm.o)
                0x0000000000004c80                apmInitialize
 *fill*         0x0000000000004d0c        0x4 
 .text.apmSetPerformanceConfiguration
                0x0000000000004d10       0xcc /opt/devkitpro/libnx/lib/libnx.a(apm.o)
                0x0000000000004d10                apmSetPerformanceConfiguration
 *fill*         0x0000000000004ddc        0x4 
 .text.smAddOverrideHandle
                0x0000000000004de0       0x44 /opt/devkitpro/libnx/lib/libnx.a(sm.o)
                0x0000000000004de0                smAddOverrideHandle
 *fill*         0x0000000000004e24        0xc 
 .text.smGetServiceOverride
                0x0000000000004e30       0x60 /opt/devkitpro/libnx/lib/libnx.a(sm.o)
                0x0000000000004e30                smGetServiceOverride
 .text.smHasInitialized
                0x0000000000004e90       0x14 /opt/devkitpro/libnx/lib/libnx.a(sm.o)
                0x0000000000004e90                smHasInitialized
 *fill*         0x0000000000004ea4        0xc 
 .text.smExit   0x0000000000004eb0       0x5c /opt/devkitpro/libnx/lib/libnx.a(sm.o)
                0x0000000000004eb0                smExit
 *fill*         0x0000000000004f0c        0x4 
 .text.smEncodeName
                0x0000000000004f10       0x38 /opt/devkitpro/libnx/lib/libnx.a(sm.o)
                0x0000000000004f10                smEncodeName
 *fill*         0x0000000000004f48        0x8 
 .text.smGetServiceOriginal
                0x0000000000004f50      0x12c /opt/devkitpro/libnx/lib/libnx.a(sm.o)
                0x0000000000004f50                smGetServiceOriginal
 *fill*         0x000000000000507c        0x4 
 .text.smInitialize
                0x0000000000005080      0x158 /opt/devkitpro/libnx/lib/libnx.a(sm.o)
                0x0000000000005080                smInitialize
 *fill*         0x00000000000051d8        0x8 
 .text.smGetService
                0x00000000000051e0       0x74 /opt/devkitpro/libnx/lib/libnx.a(sm.o)
                0x00000000000051e0                smGetService
 *fill*         0x0000000000005254        0xc 
 .text.fatalWithType
                0x0000000000005260       0xec /opt/devkitpro/libnx/lib/libnx.a(fatal.o)
                0x0000000000005260                fatalWithType
 *fill*         0x000000000000534c        0x4 
 .text.fatalSimple
                0x0000000000005350       0x14 /opt/devkitpro/libnx/lib/libnx.a(fatal.o)
                0x0000000000005350                fatalSimple
 *fill*         0x0000000000005364        0xc 
 .text._gfxCancelBuffer
                0x0000000000005370       0x4c /opt/devkitpro/libnx/lib/libnx.a(gfx.o)
 *fill*         0x00000000000053bc        0x4 
 .text._gfxDequeueBuffer.part.0
                0x00000000000053c0      0x170 /opt/devkitpro/libnx/lib/libnx.a(gfx.o)
 .text.gfxInitDefault
                0x0000000000005530      0x4b4 /opt/devkitpro/libnx/lib/libnx.a(gfx.o)
                0x0000000000005530                gfxInitDefault
 *fill*         0x00000000000059e4        0xc 
 .text.gfxConfigureCrop
                0x00000000000059f0       0xe8 /opt/devkitpro/libnx/lib/libnx.a(gfx.o)
                0x00000000000059f0                gfxConfigureCrop
 *fill*         0x0000000000005ad8        0x8 
 .text.gfxConfigureResolution
                0x0000000000005ae0       0x14 /opt/devkitpro/libnx/lib/libnx.a(gfx.o)
                0x0000000000005ae0                gfxConfigureResolution
 *fill*         0x0000000000005af4        0xc 
 .text._gfxAutoResolutionAppletHook
                0x0000000000005b00       0x60 /opt/devkitpro/libnx/lib/libnx.a(gfx.o)
 .text.gfxConfigureAutoResolution
                0x0000000000005b60      0x11c /opt/devkitpro/libnx/lib/libnx.a(gfx.o)
                0x0000000000005b60                gfxConfigureAutoResolution
 *fill*         0x0000000000005c7c        0x4 
 .text.gfxExit  0x0000000000005c80      0x174 /opt/devkitpro/libnx/lib/libnx.a(gfx.o)
                0x0000000000005c80                gfxExit
 *fill*         0x0000000000005df4        0xc 
 .text._gfxGraphicBufferInit
                0x0000000000005e00       0x3c /opt/devkitpro/libnx/lib/libnx.a(gfx.o)
                0x0000000000005e00                _gfxGraphicBufferInit
 *fill*         0x0000000000005e3c        0x4 
 .text.gfxWaitForVsync
                0x0000000000005e40       0x2c /opt/devkitpro/libnx/lib/libnx.a(gfx.o)
                0x0000000000005e40                gfxWaitForVsync
 *fill*         0x0000000000005e6c        0x4 
 .text.gfxSwapBuffers
                0x0000000000005e70       0x6c /opt/devkitpro/libnx/lib/libnx.a(gfx.o)
                0x0000000000005e70                gfxSwapBuffers
 *fill*         0x0000000000005edc        0x4 
 .text.gfxGetFramebuffer
                0x0000000000005ee0       0x68 /opt/devkitpro/libnx/lib/libnx.a(gfx.o)
                0x0000000000005ee0                gfxGetFramebuffer
 *fill*         0x0000000000005f48        0x8 
 .text.gfxSetMode
                0x0000000000005f50        0xc /opt/devkitpro/libnx/lib/libnx.a(gfx.o)
                0x0000000000005f50                gfxSetMode
 *fill*         0x0000000000005f5c        0x4 
 .text.gfxFlushBuffers
                0x0000000000005f60      0x12c /opt/devkitpro/libnx/lib/libnx.a(gfx.o)
                0x0000000000005f60                gfxFlushBuffers
 *fill*         0x000000000000608c        0x4 
 .text.nvmapobjClose.part.0.constprop.3
                0x0000000000006090       0x38 /opt/devkitpro/libnx/lib/libnx.a(nvgfx.o)
 *fill*         0x00000000000060c8        0x8 
 .text.nvgfxInitialize
                0x00000000000060d0      0x1e8 /opt/devkitpro/libnx/lib/libnx.a(nvgfx.o)
                0x00000000000060d0                nvgfxInitialize
 *fill*         0x00000000000062b8        0x8 
 .text.nvgfxExit
                0x00000000000062c0       0x58 /opt/devkitpro/libnx/lib/libnx.a(nvgfx.o)
                0x00000000000062c0                nvgfxExit
 *fill*         0x0000000000006318        0x8 
 .text.nvgfxGetFramebuffer
                0x0000000000006320       0x4c /opt/devkitpro/libnx/lib/libnx.a(nvgfx.o)
                0x0000000000006320                nvgfxGetFramebuffer
 *fill*         0x000000000000636c        0x4 
 .text._socketParseBsdResult.part.0
                0x0000000000006370       0xa8 /opt/devkitpro/libnx/lib/libnx.a(socket.o)
 *fill*         0x0000000000006418        0x8 
 .text._socketRead
                0x0000000000006420       0x48 /opt/devkitpro/libnx/lib/libnx.a(socket.o)
 *fill*         0x0000000000006468        0x8 
 .text._socketWrite
                0x0000000000006470       0x48 /opt/devkitpro/libnx/lib/libnx.a(socket.o)
 *fill*         0x00000000000064b8        0x8 
 .text._socketClose
                0x00000000000064c0       0x3c /opt/devkitpro/libnx/lib/libnx.a(socket.o)
 *fill*         0x00000000000064fc        0x4 
 .text._socketOpen
                0x0000000000006500       0x7c /opt/devkitpro/libnx/lib/libnx.a(socket.o)
 *fill*         0x000000000000657c        0x4 
 .text._socketGetFd
                0x0000000000006580       0x80 /opt/devkitpro/libnx/lib/libnx.a(socket.o)
 .text.socketGetDefaultInitConfig
                0x0000000000006600        0xc /opt/devkitpro/libnx/lib/libnx.a(socket.o)
                0x0000000000006600                socketGetDefaultInitConfig
 *fill*         0x000000000000660c        0x4 
 .text.socketExit
                0x0000000000006610       0x1c /opt/devkitpro/libnx/lib/libnx.a(socket.o)
                0x0000000000006610                socketExit
 *fill*         0x000000000000662c        0x4 
 .text.socketInitialize
                0x0000000000006630      0x110 /opt/devkitpro/libnx/lib/libnx.a(socket.o)
                0x0000000000006630                socketInitialize
 .text.socket   0x0000000000006740       0xa4 /opt/devkitpro/libnx/lib/libnx.a(socket.o)
                0x0000000000006740                socket
 *fill*         0x00000000000067e4        0xc 
 .text.recv     0x00000000000067f0       0x50 /opt/devkitpro/libnx/lib/libnx.a(socket.o)
                0x00000000000067f0                recv
 .text.send     0x0000000000006840       0x50 /opt/devkitpro/libnx/lib/libnx.a(socket.o)
                0x0000000000006840                send
 .text.connect  0x0000000000006890       0x54 /opt/devkitpro/libnx/lib/libnx.a(socket.o)
                0x0000000000006890                connect
 *fill*         0x00000000000068e4        0xc 
 .text.fcntl    0x00000000000068f0       0xd0 /opt/devkitpro/libnx/lib/libnx.a(socket.o)
                0x00000000000068f0                fcntl
 .text.freeaddrinfo
                0x00000000000069c0       0x30 /opt/devkitpro/libnx/lib/libnx.a(socket.o)
                0x00000000000069c0                freeaddrinfo
 .text.gai_strerror
                0x00000000000069f0       0x74 /opt/devkitpro/libnx/lib/libnx.a(socket.o)
                0x00000000000069f0                gai_strerror
 *fill*         0x0000000000006a64        0xc 
 .text.getaddrinfo
                0x0000000000006a70      0x510 /opt/devkitpro/libnx/lib/libnx.a(socket.o)
                0x0000000000006a70                getaddrinfo
 .text.consoleDrawChar
                0x0000000000006f80      0x250 /opt/devkitpro/libnx/lib/libnx.a(console.o)
                0x0000000000006f80                consoleDrawChar
 .text.consolePrintChar
                0x00000000000071d0      0x15c /opt/devkitpro/libnx/lib/libnx.a(console.o)
                0x00000000000071d0                consolePrintChar
 *fill*         0x000000000000732c        0x4 
 .text.consoleClearLine
                0x0000000000007330      0x158 /opt/devkitpro/libnx/lib/libnx.a(console.o)
 *fill*         0x0000000000007488        0x8 
 .text.newRow   0x0000000000007490      0x180 /opt/devkitpro/libnx/lib/libnx.a(console.o)
 .text.consoleCls
                0x0000000000007610      0x16c /opt/devkitpro/libnx/lib/libnx.a(console.o)
 *fill*         0x000000000000777c        0x4 
 .text.consoleInit
                0x0000000000007780       0xec /opt/devkitpro/libnx/lib/libnx.a(console.o)
                0x0000000000007780                consoleInit
 *fill*         0x000000000000786c        0x4 
 .text.con_write
                0x0000000000007870      0x854 /opt/devkitpro/libnx/lib/libnx.a(console.o)
 *fill*         0x00000000000080c4        0xc 
 .text._convert_errno
                0x00000000000080d0       0x30 /opt/devkitpro/libnx/lib/libnx.a(convert_errno.o)
                0x00000000000080d0                _convert_errno
 .text.armDCacheFlush
                0x0000000000008100       0x3c /opt/devkitpro/libnx/lib/libnx.a(cache.o)
                0x0000000000008100                armDCacheFlush
 .text.svcSetHeapSize
                0x000000000000813c       0x14 /opt/devkitpro/libnx/lib/libnx.a(svc.o)
                0x000000000000813c                svcSetHeapSize
 .text.svcUnmapMemory
                0x0000000000008150        0x8 /opt/devkitpro/libnx/lib/libnx.a(svc.o)
                0x0000000000008150                svcUnmapMemory
 .text.svcQueryMemory
                0x0000000000008158       0x14 /opt/devkitpro/libnx/lib/libnx.a(svc.o)
                0x0000000000008158                svcQueryMemory
 .text.svcExitProcess
                0x000000000000816c        0x8 /opt/devkitpro/libnx/lib/libnx.a(svc.o)
                0x000000000000816c                svcExitProcess
 .text.svcSleepThread
                0x0000000000008174        0x8 /opt/devkitpro/libnx/lib/libnx.a(svc.o)
                0x0000000000008174                svcSleepThread
 .text.svcMapSharedMemory
                0x000000000000817c        0x8 /opt/devkitpro/libnx/lib/libnx.a(svc.o)
                0x000000000000817c                svcMapSharedMemory
 .text.svcUnmapSharedMemory
                0x0000000000008184        0x8 /opt/devkitpro/libnx/lib/libnx.a(svc.o)
                0x0000000000008184                svcUnmapSharedMemory
 .text.svcCreateTransferMemory
                0x000000000000818c       0x14 /opt/devkitpro/libnx/lib/libnx.a(svc.o)
                0x000000000000818c                svcCreateTransferMemory
 .text.svcCloseHandle
                0x00000000000081a0        0x8 /opt/devkitpro/libnx/lib/libnx.a(svc.o)
                0x00000000000081a0                svcCloseHandle
 .text.svcResetSignal
                0x00000000000081a8        0x8 /opt/devkitpro/libnx/lib/libnx.a(svc.o)
                0x00000000000081a8                svcResetSignal
 .text.svcWaitSynchronization
                0x00000000000081b0       0x14 /opt/devkitpro/libnx/lib/libnx.a(svc.o)
                0x00000000000081b0                svcWaitSynchronization
 .text.svcArbitrateLock
                0x00000000000081c4        0x8 /opt/devkitpro/libnx/lib/libnx.a(svc.o)
                0x00000000000081c4                svcArbitrateLock
 .text.svcArbitrateUnlock
                0x00000000000081cc        0x8 /opt/devkitpro/libnx/lib/libnx.a(svc.o)
                0x00000000000081cc                svcArbitrateUnlock
 .text.svcConnectToNamedPort
                0x00000000000081d4       0x14 /opt/devkitpro/libnx/lib/libnx.a(svc.o)
                0x00000000000081d4                svcConnectToNamedPort
 .text.svcSendSyncRequest
                0x00000000000081e8        0x8 /opt/devkitpro/libnx/lib/libnx.a(svc.o)
                0x00000000000081e8                svcSendSyncRequest
 .text.svcBreak
                0x00000000000081f0        0x8 /opt/devkitpro/libnx/lib/libnx.a(svc.o)
                0x00000000000081f0                svcBreak
 .text.svcGetInfo
                0x00000000000081f8       0x14 /opt/devkitpro/libnx/lib/libnx.a(svc.o)
                0x00000000000081f8                svcGetInfo
 .text.svcUnmapTransferMemory
                0x000000000000820c        0x8 /opt/devkitpro/libnx/lib/libnx.a(svc.o)
                0x000000000000820c                svcUnmapTransferMemory
 .text.__aarch64_read_tp
                0x0000000000008214        0xc /opt/devkitpro/libnx/lib/libnx.a(readtp.o)
                0x0000000000008214                __aarch64_read_tp
 .text._CacheValues
                0x0000000000008220      0x180 /opt/devkitpro/libnx/lib/libnx.a(detect.o)
 .text.kernelAbove200
                0x00000000000083a0       0x1c /opt/devkitpro/libnx/lib/libnx.a(detect.o)
                0x00000000000083a0                kernelAbove200
 *fill*         0x00000000000083bc        0x4 
 .text.kernelAbove300
                0x00000000000083c0       0x1c /opt/devkitpro/libnx/lib/libnx.a(detect.o)
                0x00000000000083c0                kernelAbove300
 *fill*         0x00000000000083dc        0x4 
 .text.detectDebugger
                0x00000000000083e0       0x30 /opt/devkitpro/libnx/lib/libnx.a(detect.o)
                0x00000000000083e0                detectDebugger
 .text.shmemLoadRemote
                0x0000000000008410       0x14 /opt/devkitpro/libnx/lib/libnx.a(shmem.o)
                0x0000000000008410                shmemLoadRemote
 *fill*         0x0000000000008424        0xc 
 .text.shmemMap
                0x0000000000008430       0x84 /opt/devkitpro/libnx/lib/libnx.a(shmem.o)
                0x0000000000008430                shmemMap
 *fill*         0x00000000000084b4        0xc 
 .text.shmemUnmap
                0x00000000000084c0       0x58 /opt/devkitpro/libnx/lib/libnx.a(shmem.o)
                0x00000000000084c0                shmemUnmap
 *fill*         0x0000000000008518        0x8 
 .text.shmemClose
                0x0000000000008520       0x44 /opt/devkitpro/libnx/lib/libnx.a(shmem.o)
                0x0000000000008520                shmemClose
 *fill*         0x0000000000008564        0xc 
 .text.rwlockReadLock
                0x0000000000008570       0x4c /opt/devkitpro/libnx/lib/libnx.a(rwlock.o)
                0x0000000000008570                rwlockReadLock
 *fill*         0x00000000000085bc        0x4 
 .text.rwlockReadUnlock
                0x00000000000085c0       0x4c /opt/devkitpro/libnx/lib/libnx.a(rwlock.o)
                0x00000000000085c0                rwlockReadUnlock
 *fill*         0x000000000000860c        0x4 
 .text.rwlockWriteLock
                0x0000000000008610        0x8 /opt/devkitpro/libnx/lib/libnx.a(rwlock.o)
                0x0000000000008610                rwlockWriteLock
 *fill*         0x0000000000008618        0x8 
 .text.rwlockWriteUnlock
                0x0000000000008620        0x8 /opt/devkitpro/libnx/lib/libnx.a(rwlock.o)
                0x0000000000008620                rwlockWriteUnlock
 *fill*         0x0000000000008628        0x8 
 .text.mutexLock
                0x0000000000008630       0x8c /opt/devkitpro/libnx/lib/libnx.a(mutex.o)
                0x0000000000008630                mutexLock
 *fill*         0x00000000000086bc        0x4 
 .text.mutexUnlock
                0x00000000000086c0       0x30 /opt/devkitpro/libnx/lib/libnx.a(mutex.o)
                0x00000000000086c0                mutexUnlock
 .text.rmutexLock
                0x00000000000086f0       0x4c /opt/devkitpro/libnx/lib/libnx.a(mutex.o)
                0x00000000000086f0                rmutexLock
 *fill*         0x000000000000873c        0x4 
 .text.rmutexUnlock
                0x0000000000008740       0x1c /opt/devkitpro/libnx/lib/libnx.a(mutex.o)
                0x0000000000008740                rmutexUnlock
 *fill*         0x000000000000875c        0x4 
 .text._GetRegionFromInfo.isra.1
                0x0000000000008760       0x7c /opt/devkitpro/libnx/lib/libnx.a(virtmem.o)
 *fill*         0x00000000000087dc        0x4 
 .text.virtmemSetup
                0x00000000000087e0       0xe4 /opt/devkitpro/libnx/lib/libnx.a(virtmem.o)
                0x00000000000087e0                virtmemSetup
 *fill*         0x00000000000088c4        0xc 
 .text.virtmemReserve
                0x00000000000088d0      0x13c /opt/devkitpro/libnx/lib/libnx.a(virtmem.o)
                0x00000000000088d0                virtmemReserve
 *fill*         0x0000000000008a0c        0x4 
 .text.virtmemFree
                0x0000000000008a10        0x4 /opt/devkitpro/libnx/lib/libnx.a(virtmem.o)
                0x0000000000008a10                virtmemFree
 *fill*         0x0000000000008a14        0xc 
 .text.eventLoadRemote
                0x0000000000008a20        0xc /opt/devkitpro/libnx/lib/libnx.a(event.o)
                0x0000000000008a20                eventLoadRemote
 *fill*         0x0000000000008a2c        0x4 
 .text.eventWait
                0x0000000000008a30      0x11c /opt/devkitpro/libnx/lib/libnx.a(event.o)
                0x0000000000008a30                eventWait
 *fill*         0x0000000000008b4c        0x4 
 .text.eventClose
                0x0000000000008b50       0x50 /opt/devkitpro/libnx/lib/libnx.a(event.o)
                0x0000000000008b50                eventClose
 .text.ipcCloseObjectById
                0x0000000000008ba0       0x34 /opt/devkitpro/libnx/lib/libnx.a(nv.o)
 *fill*         0x0000000000008bd4        0xc 
 .text.ipcQueryPointerBufferSize.constprop.10
                0x0000000000008be0       0xc8 /opt/devkitpro/libnx/lib/libnx.a(nv.o)
 *fill*         0x0000000000008ca8        0x8 
 .text.ipcCloneSession.constprop.9
                0x0000000000008cb0      0x10c /opt/devkitpro/libnx/lib/libnx.a(nv.o)
 *fill*         0x0000000000008dbc        0x4 
 .text._nvSetClientPID
                0x0000000000008dc0       0xd8 /opt/devkitpro/libnx/lib/libnx.a(nv.o)
 *fill*         0x0000000000008e98        0x8 
 .text._nvInitialize.constprop.8
                0x0000000000008ea0       0xf0 /opt/devkitpro/libnx/lib/libnx.a(nv.o)
 .text.nvExit   0x0000000000008f90      0x108 /opt/devkitpro/libnx/lib/libnx.a(nv.o)
                0x0000000000008f90                nvExit
 *fill*         0x0000000000009098        0x8 
 .text.nvInitialize
                0x00000000000090a0      0x178 /opt/devkitpro/libnx/lib/libnx.a(nv.o)
                0x00000000000090a0                nvInitialize
 *fill*         0x0000000000009218        0x8 
 .text.nvConvertError
                0x0000000000009220      0x12c /opt/devkitpro/libnx/lib/libnx.a(nv.o)
                0x0000000000009220                nvConvertError
 *fill*         0x000000000000934c        0x4 
 .text.nvOpen   0x0000000000009350      0x12c /opt/devkitpro/libnx/lib/libnx.a(nv.o)
                0x0000000000009350                nvOpen
 *fill*         0x000000000000947c        0x4 
 .text.nvIoctl  0x0000000000009480      0x270 /opt/devkitpro/libnx/lib/libnx.a(nv.o)
                0x0000000000009480                nvIoctl
 .text.nvClose  0x00000000000096f0       0xdc /opt/devkitpro/libnx/lib/libnx.a(nv.o)
                0x00000000000096f0                nvClose
 *fill*         0x00000000000097cc        0x4 
 .text.nvQueryEvent
                0x00000000000097d0      0x15c /opt/devkitpro/libnx/lib/libnx.a(nv.o)
                0x00000000000097d0                nvQueryEvent
 *fill*         0x000000000000992c        0x4 
 .text.ipcCloseObjectById
                0x0000000000009930       0x34 /opt/devkitpro/libnx/lib/libnx.a(sfdnsres.o)
 *fill*         0x0000000000009964        0xc 
 .text._sfdnsresDispatchCommand
                0x0000000000009970      0x504 /opt/devkitpro/libnx/lib/libnx.a(sfdnsres.o)
 *fill*         0x0000000000009e74        0xc 
 .text._sfdnsresErrorStringGetterCommand
                0x0000000000009e80       0x8c /opt/devkitpro/libnx/lib/libnx.a(sfdnsres.o)
 *fill*         0x0000000000009f0c        0x4 
 .text._sfdnsresDispatchDnsRequest.constprop.4
                0x0000000000009f10       0x6c /opt/devkitpro/libnx/lib/libnx.a(sfdnsres.o)
 *fill*         0x0000000000009f7c        0x4 
 .text.sfdnsresGetGaiStringError
                0x0000000000009f80       0x14 /opt/devkitpro/libnx/lib/libnx.a(sfdnsres.o)
                0x0000000000009f80                sfdnsresGetGaiStringError
 *fill*         0x0000000000009f94        0xc 
 .text.sfdnsresGetAddrInfo
                0x0000000000009fa0       0xf8 /opt/devkitpro/libnx/lib/libnx.a(sfdnsres.o)
                0x0000000000009fa0                sfdnsresGetAddrInfo
 *fill*         0x000000000000a098        0x8 
 .text.ipcCloseObjectById
                0x000000000000a0a0       0x34 /opt/devkitpro/libnx/lib/libnx.a(vi.o)
 *fill*         0x000000000000a0d4        0xc 
 .text._viGetSession.constprop.7
                0x000000000000a0e0      0x134 /opt/devkitpro/libnx/lib/libnx.a(vi.o)
 *fill*         0x000000000000a214        0xc 
 .text.viExit   0x000000000000a220      0x1e4 /opt/devkitpro/libnx/lib/libnx.a(vi.o)
                0x000000000000a220                viExit
 *fill*         0x000000000000a404        0xc 
 .text.viInitialize
                0x000000000000a410      0x304 /opt/devkitpro/libnx/lib/libnx.a(vi.o)
                0x000000000000a410                viInitialize
 *fill*         0x000000000000a714        0xc 
 .text.viGetSession_IHOSBinderDriverRelay
                0x000000000000a720        0xc /opt/devkitpro/libnx/lib/libnx.a(vi.o)
                0x000000000000a720                viGetSession_IHOSBinderDriverRelay
 *fill*         0x000000000000a72c        0x4 
 .text.viOpenDisplay
                0x000000000000a730      0x140 /opt/devkitpro/libnx/lib/libnx.a(vi.o)
                0x000000000000a730                viOpenDisplay
 .text.viCloseDisplay
                0x000000000000a870      0x104 /opt/devkitpro/libnx/lib/libnx.a(vi.o)
                0x000000000000a870                viCloseDisplay
 *fill*         0x000000000000a974        0xc 
 .text.viGetDisplayVsyncEvent
                0x000000000000a980      0x13c /opt/devkitpro/libnx/lib/libnx.a(vi.o)
                0x000000000000a980                viGetDisplayVsyncEvent
 *fill*         0x000000000000aabc        0x4 
 .text.viCloseLayer
                0x000000000000aac0      0x104 /opt/devkitpro/libnx/lib/libnx.a(vi.o)
                0x000000000000aac0                viCloseLayer
 *fill*         0x000000000000abc4        0xc 
 .text.viCreateLayer
                0x000000000000abd0      0x320 /opt/devkitpro/libnx/lib/libnx.a(vi.o)
                0x000000000000abd0                viCreateLayer
 .text.viSetLayerScalingMode
                0x000000000000aef0       0xe8 /opt/devkitpro/libnx/lib/libnx.a(vi.o)
                0x000000000000aef0                viSetLayerScalingMode
 *fill*         0x000000000000afd8        0x8 
 .text.ipcCloseObjectById
                0x000000000000afe0       0x34 /opt/devkitpro/libnx/lib/libnx.a(bsd.o)
 *fill*         0x000000000000b014        0xc 
 .text._bsdRegisterClient.isra.5.constprop.11
                0x000000000000b020      0x120 /opt/devkitpro/libnx/lib/libnx.a(bsd.o)
 .text._bsdDispatchBasicCommand.isra.6
                0x000000000000b140      0x308 /opt/devkitpro/libnx/lib/libnx.a(bsd.o)
 *fill*         0x000000000000b448        0x8 
 .text._bsdSocketCreationCommand
                0x000000000000b450       0x44 /opt/devkitpro/libnx/lib/libnx.a(bsd.o)
 *fill*         0x000000000000b494        0xc 
 .text.ipcQueryPointerBufferSize.constprop.10
                0x000000000000b4a0       0xc8 /opt/devkitpro/libnx/lib/libnx.a(bsd.o)
 *fill*         0x000000000000b568        0x8 
 .text._bsdStartMonitor.constprop.9
                0x000000000000b570       0xf8 /opt/devkitpro/libnx/lib/libnx.a(bsd.o)
 *fill*         0x000000000000b668        0x8 
 .text.bsdExit  0x000000000000b670       0xf0 /opt/devkitpro/libnx/lib/libnx.a(bsd.o)
                0x000000000000b670                bsdExit
 .text.bsdInitialize
                0x000000000000b760      0x14c /opt/devkitpro/libnx/lib/libnx.a(bsd.o)
                0x000000000000b760                bsdInitialize
 *fill*         0x000000000000b8ac        0x4 
 .text.bsdSocket
                0x000000000000b8b0       0x14 /opt/devkitpro/libnx/lib/libnx.a(bsd.o)
                0x000000000000b8b0                bsdSocket
 *fill*         0x000000000000b8c4        0xc 
 .text.bsdOpen  0x000000000000b8d0       0xc4 /opt/devkitpro/libnx/lib/libnx.a(bsd.o)
                0x000000000000b8d0                bsdOpen
 *fill*         0x000000000000b994        0xc 
 .text.bsdRecv  0x000000000000b9a0       0xfc /opt/devkitpro/libnx/lib/libnx.a(bsd.o)
                0x000000000000b9a0                bsdRecv
 *fill*         0x000000000000ba9c        0x4 
 .text.bsdSend  0x000000000000baa0       0xbc /opt/devkitpro/libnx/lib/libnx.a(bsd.o)
                0x000000000000baa0                bsdSend
 *fill*         0x000000000000bb5c        0x4 
 .text.bsdConnect
                0x000000000000bb60       0xa8 /opt/devkitpro/libnx/lib/libnx.a(bsd.o)
                0x000000000000bb60                bsdConnect
 *fill*         0x000000000000bc08        0x8 
 .text.bsdFcntl
                0x000000000000bc10       0x90 /opt/devkitpro/libnx/lib/libnx.a(bsd.o)
                0x000000000000bc10                bsdFcntl
 .text.bsdWrite
                0x000000000000bca0       0xbc /opt/devkitpro/libnx/lib/libnx.a(bsd.o)
                0x000000000000bca0                bsdWrite
 *fill*         0x000000000000bd5c        0x4 
 .text.bsdRead  0x000000000000bd60       0xfc /opt/devkitpro/libnx/lib/libnx.a(bsd.o)
                0x000000000000bd60                bsdRead
 *fill*         0x000000000000be5c        0x4 
 .text.bsdClose
                0x000000000000be60       0x40 /opt/devkitpro/libnx/lib/libnx.a(bsd.o)
                0x000000000000be60                bsdClose
 .text.nvFenceInit
                0x000000000000bea0       0x5c /opt/devkitpro/libnx/lib/libnx.a(fence.o)
                0x000000000000bea0                nvFenceInit
 *fill*         0x000000000000befc        0x4 
 .text.nvFenceExit
                0x000000000000bf00       0x98 /opt/devkitpro/libnx/lib/libnx.a(fence.o)
                0x000000000000bf00                nvFenceExit
 *fill*         0x000000000000bf98        0x8 
 .text.nvFenceWait
                0x000000000000bfa0      0x194 /opt/devkitpro/libnx/lib/libnx.a(fence.o)
                0x000000000000bfa0                nvFenceWait
 *fill*         0x000000000000c134        0xc 
 .text.nvMultiFenceWait
                0x000000000000c140       0x7c /opt/devkitpro/libnx/lib/libnx.a(fence.o)
                0x000000000000c140                nvMultiFenceWait
 *fill*         0x000000000000c1bc        0x4 
 .text.nvioctlNvhostCtrl_EventSignal
                0x000000000000c1c0       0x24 /opt/devkitpro/libnx/lib/libnx.a(nvhost-ctrl.o)
                0x000000000000c1c0                nvioctlNvhostCtrl_EventSignal
 *fill*         0x000000000000c1e4        0xc 
 .text.nvioctlNvhostCtrl_EventWaitAsync
                0x000000000000c1f0       0x28 /opt/devkitpro/libnx/lib/libnx.a(nvhost-ctrl.o)
                0x000000000000c1f0                nvioctlNvhostCtrl_EventWaitAsync
 *fill*         0x000000000000c218        0x8 
 .text.nvioctlNvhostCtrl_EventRegister
                0x000000000000c220       0x24 /opt/devkitpro/libnx/lib/libnx.a(nvhost-ctrl.o)
                0x000000000000c220                nvioctlNvhostCtrl_EventRegister
 *fill*         0x000000000000c244        0xc 
 .text.nvioctlNvhostCtrl_EventUnregister
                0x000000000000c250       0x24 /opt/devkitpro/libnx/lib/libnx.a(nvhost-ctrl.o)
                0x000000000000c250                nvioctlNvhostCtrl_EventUnregister
 *fill*         0x000000000000c274        0xc 
 .text.nvioctlNvmap_Create
                0x000000000000c280       0x3c /opt/devkitpro/libnx/lib/libnx.a(nvmap.o)
                0x000000000000c280                nvioctlNvmap_Create
 *fill*         0x000000000000c2bc        0x4 
 .text.nvioctlNvmap_Alloc
                0x000000000000c2c0       0x30 /opt/devkitpro/libnx/lib/libnx.a(nvmap.o)
                0x000000000000c2c0                nvioctlNvmap_Alloc
 .text.nvioctlNvmap_GetId
                0x000000000000c2f0       0x3c /opt/devkitpro/libnx/lib/libnx.a(nvmap.o)
                0x000000000000c2f0                nvioctlNvmap_GetId
 *fill*         0x000000000000c32c        0x4 
 .text.bqRequestBuffer
                0x000000000000c330       0xf0 /opt/devkitpro/libnx/lib/libnx.a(buffer_producer.o)
                0x000000000000c330                bqRequestBuffer
 .text.bqDequeueBuffer
                0x000000000000c420      0x154 /opt/devkitpro/libnx/lib/libnx.a(buffer_producer.o)
                0x000000000000c420                bqDequeueBuffer
 *fill*         0x000000000000c574        0xc 
 .text.bqDetachBuffer
                0x000000000000c580       0x9c /opt/devkitpro/libnx/lib/libnx.a(buffer_producer.o)
                0x000000000000c580                bqDetachBuffer
 *fill*         0x000000000000c61c        0x4 
 .text.bqQueueBuffer
                0x000000000000c620       0xe0 /opt/devkitpro/libnx/lib/libnx.a(buffer_producer.o)
                0x000000000000c620                bqQueueBuffer
 .text.bqCancelBuffer
                0x000000000000c700       0x90 /opt/devkitpro/libnx/lib/libnx.a(buffer_producer.o)
                0x000000000000c700                bqCancelBuffer
 .text.bqConnect
                0x000000000000c790       0xe4 /opt/devkitpro/libnx/lib/libnx.a(buffer_producer.o)
                0x000000000000c790                bqConnect
 *fill*         0x000000000000c874        0xc 
 .text.bqDisconnect
                0x000000000000c880       0x9c /opt/devkitpro/libnx/lib/libnx.a(buffer_producer.o)
                0x000000000000c880                bqDisconnect
 *fill*         0x000000000000c91c        0x4 
 .text.bqSetPreallocatedBuffer
                0x000000000000c920       0xb4 /opt/devkitpro/libnx/lib/libnx.a(buffer_producer.o)
                0x000000000000c920                bqSetPreallocatedBuffer
 *fill*         0x000000000000c9d4        0xc 
 .text._binderTransactParcelAuto
                0x000000000000c9e0      0x248 /opt/devkitpro/libnx/lib/libnx.a(binder.o)
 *fill*         0x000000000000cc28        0x8 
 .text.ipcQueryPointerBufferSize
                0x000000000000cc30       0xc8 /opt/devkitpro/libnx/lib/libnx.a(binder.o)
 *fill*         0x000000000000ccf8        0x8 
 .text._binderTransactParcel
                0x000000000000cd00      0x138 /opt/devkitpro/libnx/lib/libnx.a(binder.o)
 *fill*         0x000000000000ce38        0x8 
 .text.binderCreate
                0x000000000000ce40       0x14 /opt/devkitpro/libnx/lib/libnx.a(binder.o)
                0x000000000000ce40                binderCreate
 *fill*         0x000000000000ce54        0xc 
 .text.binderTransactParcel
                0x000000000000ce60       0x10 /opt/devkitpro/libnx/lib/libnx.a(binder.o)
                0x000000000000ce60                binderTransactParcel
 .text.binderConvertErrorCode
                0x000000000000ce70      0x124 /opt/devkitpro/libnx/lib/libnx.a(binder.o)
                0x000000000000ce70                binderConvertErrorCode
 *fill*         0x000000000000cf94        0xc 
 .text.binderAdjustRefcount
                0x000000000000cfa0       0xe8 /opt/devkitpro/libnx/lib/libnx.a(binder.o)
                0x000000000000cfa0                binderAdjustRefcount
 *fill*         0x000000000000d088        0x8 
 .text.binderClose
                0x000000000000d090       0x74 /opt/devkitpro/libnx/lib/libnx.a(binder.o)
                0x000000000000d090                binderClose
 *fill*         0x000000000000d104        0xc 
 .text.binderInitSession
                0x000000000000d110       0xc4 /opt/devkitpro/libnx/lib/libnx.a(binder.o)
                0x000000000000d110                binderInitSession
 *fill*         0x000000000000d1d4        0xc 
 .text.binderGetNativeHandle
                0x000000000000d1e0      0x144 /opt/devkitpro/libnx/lib/libnx.a(binder.o)
                0x000000000000d1e0                binderGetNativeHandle
 *fill*         0x000000000000d324        0xc 
 .text.parcelCreate
                0x000000000000d330       0x28 /opt/devkitpro/libnx/lib/libnx.a(parcel.o)
                0x000000000000d330                parcelCreate
 *fill*         0x000000000000d358        0x8 
 .text.parcelTransact
                0x000000000000d360      0x19c /opt/devkitpro/libnx/lib/libnx.a(parcel.o)
                0x000000000000d360                parcelTransact
 *fill*         0x000000000000d4fc        0x4 
 .text.parcelWriteData
                0x000000000000d500       0x88 /opt/devkitpro/libnx/lib/libnx.a(parcel.o)
                0x000000000000d500                parcelWriteData
 *fill*         0x000000000000d588        0x8 
 .text.parcelReadData
                0x000000000000d590       0x98 /opt/devkitpro/libnx/lib/libnx.a(parcel.o)
                0x000000000000d590                parcelReadData
 *fill*         0x000000000000d628        0x8 
 .text.parcelWriteInt32
                0x000000000000d630       0x20 /opt/devkitpro/libnx/lib/libnx.a(parcel.o)
                0x000000000000d630                parcelWriteInt32
 .text.parcelWriteUInt32
                0x000000000000d650       0x20 /opt/devkitpro/libnx/lib/libnx.a(parcel.o)
                0x000000000000d650                parcelWriteUInt32
 .text.parcelWriteString16
                0x000000000000d670       0x80 /opt/devkitpro/libnx/lib/libnx.a(parcel.o)
                0x000000000000d670                parcelWriteString16
 .text.parcelWriteInterfaceToken
                0x000000000000d6f0       0x30 /opt/devkitpro/libnx/lib/libnx.a(parcel.o)
                0x000000000000d6f0                parcelWriteInterfaceToken
 .text.parcelReadInt32
                0x000000000000d720       0x24 /opt/devkitpro/libnx/lib/libnx.a(parcel.o)
                0x000000000000d720                parcelReadInt32
 *fill*         0x000000000000d744        0xc 
 .text.parcelReadFlattenedObject
                0x000000000000d750       0x68 /opt/devkitpro/libnx/lib/libnx.a(parcel.o)
                0x000000000000d750                parcelReadFlattenedObject
 *fill*         0x000000000000d7b8        0x8 
 .text.parcelWriteFlattenedObject
                0x000000000000d7c0       0x44 /opt/devkitpro/libnx/lib/libnx.a(parcel.o)
                0x000000000000d7c0                parcelWriteFlattenedObject
 *fill*         0x000000000000d804        0xc 
 .text.__nx_dynamic
                0x000000000000d810       0xa0 /opt/devkitpro/libnx/lib/libnx.a(dynamic.o)
                0x000000000000d810                __nx_dynamic
 .text.__libnx_initheap
                0x000000000000d8b0       0xd8 /opt/devkitpro/libnx/lib/libnx.a(init.o)
                0x000000000000d8b0                __libnx_initheap
 *fill*         0x000000000000d988        0x8 
 .text.__appInit
                0x000000000000d990       0x90 /opt/devkitpro/libnx/lib/libnx.a(init.o)
                0x000000000000d990                __appInit
 .text.__appExit
                0x000000000000da20       0x34 /opt/devkitpro/libnx/lib/libnx.a(init.o)
                0x000000000000da20                __appExit
 *fill*         0x000000000000da54        0xc 
 .text.__libnx_init
                0x000000000000da60       0x28 /opt/devkitpro/libnx/lib/libnx.a(init.o)
                0x000000000000da60                __libnx_init
 *fill*         0x000000000000da88        0x8 
 .text.__libnx_exit
                0x000000000000da90       0x20 /opt/devkitpro/libnx/lib/libnx.a(init.o)
                0x000000000000da90                __libnx_exit
 .text.envSetup
                0x000000000000dab0      0x1b0 /opt/devkitpro/libnx/lib/libnx.a(env.o)
                0x000000000000dab0                envSetup
 .text.envGetMainThreadHandle
                0x000000000000dc60       0x20 /opt/devkitpro/libnx/lib/libnx.a(env.o)
                0x000000000000dc60                envGetMainThreadHandle
 .text.envIsNso
                0x000000000000dc80        0xc /opt/devkitpro/libnx/lib/libnx.a(env.o)
                0x000000000000dc80                envIsNso
 *fill*         0x000000000000dc8c        0x4 
 .text.envHasHeapOverride
                0x000000000000dc90       0x14 /opt/devkitpro/libnx/lib/libnx.a(env.o)
                0x000000000000dc90                envHasHeapOverride
 *fill*         0x000000000000dca4        0xc 
 .text.envGetHeapOverrideAddr
                0x000000000000dcb0        0xc /opt/devkitpro/libnx/lib/libnx.a(env.o)
                0x000000000000dcb0                envGetHeapOverrideAddr
 *fill*         0x000000000000dcbc        0x4 
 .text.envGetHeapOverrideSize
                0x000000000000dcc0        0xc /opt/devkitpro/libnx/lib/libnx.a(env.o)
                0x000000000000dcc0                envGetHeapOverrideSize
 *fill*         0x000000000000dccc        0x4 
 .text.envHasArgv
                0x000000000000dcd0       0x14 /opt/devkitpro/libnx/lib/libnx.a(env.o)
                0x000000000000dcd0                envHasArgv
 *fill*         0x000000000000dce4        0xc 
 .text.envGetArgv
                0x000000000000dcf0        0xc /opt/devkitpro/libnx/lib/libnx.a(env.o)
                0x000000000000dcf0                envGetArgv
 *fill*         0x000000000000dcfc        0x4 
 .text.envGetExitFuncPtr
                0x000000000000dd00        0xc /opt/devkitpro/libnx/lib/libnx.a(env.o)
                0x000000000000dd00                envGetExitFuncPtr
 *fill*         0x000000000000dd0c        0x4 
 .text.mutexInit
                0x000000000000dd10        0x8 /opt/devkitpro/libnx/lib/libnx.a(newlib.o)
 *fill*         0x000000000000dd18        0x8 
 .text.rmutexInit
                0x000000000000dd20        0xc /opt/devkitpro/libnx/lib/libnx.a(newlib.o)
 *fill*         0x000000000000dd2c        0x4 
 .text.__libnx_gtod
                0x000000000000dd30       0x8c /opt/devkitpro/libnx/lib/libnx.a(newlib.o)
                0x000000000000dd30                __libnx_gtod
 *fill*         0x000000000000ddbc        0x4 
 .text.__libnx_clock_settime
                0x000000000000ddc0       0x20 /opt/devkitpro/libnx/lib/libnx.a(newlib.o)
                0x000000000000ddc0                __libnx_clock_settime
 .text.__libnx_nanosleep
                0x000000000000dde0       0x28 /opt/devkitpro/libnx/lib/libnx.a(newlib.o)
                0x000000000000dde0                __libnx_nanosleep
 *fill*         0x000000000000de08        0x8 
 .text.__libnx_get_reent
                0x000000000000de10       0x34 /opt/devkitpro/libnx/lib/libnx.a(newlib.o)
 *fill*         0x000000000000de44        0xc 
 .text.__libnx_clock_gettime
                0x000000000000de50       0xd0 /opt/devkitpro/libnx/lib/libnx.a(newlib.o)
                0x000000000000de50                __libnx_clock_gettime
 .text.__libnx_clock_getres
                0x000000000000df20       0x58 /opt/devkitpro/libnx/lib/libnx.a(newlib.o)
                0x000000000000df20                __libnx_clock_getres
 *fill*         0x000000000000df78        0x8 
 .text.__libnx_init_time
                0x000000000000df80       0x54 /opt/devkitpro/libnx/lib/libnx.a(newlib.o)
                0x000000000000df80                __libnx_init_time
 *fill*         0x000000000000dfd4        0xc 
 .text.newlibSetup
                0x000000000000dfe0      0x118 /opt/devkitpro/libnx/lib/libnx.a(newlib.o)
                0x000000000000dfe0                newlibSetup
 *fill*         0x000000000000e0f8        0x8 
 .text.argvSetup
                0x000000000000e100      0x368 /opt/devkitpro/libnx/lib/libnx.a(argv.o)
                0x000000000000e100                argvSetup
 *fill*         0x000000000000e468        0x8 
 .text.fsdev_link
                0x000000000000e470       0x10 /opt/devkitpro/libnx/lib/libnx.a(fs_dev.o)
 .text.fsdev_dirreset
                0x000000000000e480       0x10 /opt/devkitpro/libnx/lib/libnx.a(fs_dev.o)
 .text.fsdev_chmod
                0x000000000000e490       0x10 /opt/devkitpro/libnx/lib/libnx.a(fs_dev.o)
 .text.error_cmp
                0x000000000000e4a0       0x1c /opt/devkitpro/libnx/lib/libnx.a(fs_dev.o)
 *fill*         0x000000000000e4bc        0x4 
 .text.fsdev_translate_error
                0x000000000000e4c0       0x58 /opt/devkitpro/libnx/lib/libnx.a(fs_dev.o)
 *fill*         0x000000000000e518        0x8 
 .text.fsdev_fsync
                0x000000000000e520       0x40 /opt/devkitpro/libnx/lib/libnx.a(fs_dev.o)
 .text.fsdev_ftruncate
                0x000000000000e560       0x60 /opt/devkitpro/libnx/lib/libnx.a(fs_dev.o)
 .text.fsdev_dirclose
                0x000000000000e5c0       0x20 /opt/devkitpro/libnx/lib/libnx.a(fs_dev.o)
 .text.fsdev_dirnext
                0x000000000000e5e0      0x16c /opt/devkitpro/libnx/lib/libnx.a(fs_dev.o)
 *fill*         0x000000000000e74c        0x4 
 .text.fsdev_close
                0x000000000000e750       0x1c /opt/devkitpro/libnx/lib/libnx.a(fs_dev.o)
 *fill*         0x000000000000e76c        0x4 
 .text.fsdev_fstat
                0x000000000000e770       0x80 /opt/devkitpro/libnx/lib/libnx.a(fs_dev.o)
 .text.fsdev_seek
                0x000000000000e7f0       0xb0 /opt/devkitpro/libnx/lib/libnx.a(fs_dev.o)
 .text.fsdev_read
                0x000000000000e8a0      0x198 /opt/devkitpro/libnx/lib/libnx.a(fs_dev.o)
 *fill*         0x000000000000ea38        0x8 
 .text.fsdev_write
                0x000000000000ea40      0x1a0 /opt/devkitpro/libnx/lib/libnx.a(fs_dev.o)
 .text.fsdevFindDevice
                0x000000000000ebe0      0x120 /opt/devkitpro/libnx/lib/libnx.a(fs_dev.o)
 .text._fsdevMountDevice
                0x000000000000ed00      0x168 /opt/devkitpro/libnx/lib/libnx.a(fs_dev.o)
 *fill*         0x000000000000ee68        0x8 
 .text.fsdev_getfspath
                0x000000000000ee70      0x1fc /opt/devkitpro/libnx/lib/libnx.a(fs_dev.o)
 *fill*         0x000000000000f06c        0x4 
 .text.fsdev_rmdir
                0x000000000000f070       0x70 /opt/devkitpro/libnx/lib/libnx.a(fs_dev.o)
 .text.fsdev_statvfs
                0x000000000000f0e0       0xd4 /opt/devkitpro/libnx/lib/libnx.a(fs_dev.o)
 *fill*         0x000000000000f1b4        0xc 
 .text.fsdev_diropen
                0x000000000000f1c0       0xec /opt/devkitpro/libnx/lib/libnx.a(fs_dev.o)
 *fill*         0x000000000000f2ac        0x4 
 .text.fsdev_mkdir
                0x000000000000f2b0       0x70 /opt/devkitpro/libnx/lib/libnx.a(fs_dev.o)
 .text.fsdev_rename
                0x000000000000f320      0x114 /opt/devkitpro/libnx/lib/libnx.a(fs_dev.o)
 *fill*         0x000000000000f434        0xc 
 .text.fsdev_chdir
                0x000000000000f440       0xe8 /opt/devkitpro/libnx/lib/libnx.a(fs_dev.o)
 *fill*         0x000000000000f528        0x8 
 .text.fsdev_unlink
                0x000000000000f530       0x70 /opt/devkitpro/libnx/lib/libnx.a(fs_dev.o)
 .text.fsdev_stat
                0x000000000000f5a0      0x168 /opt/devkitpro/libnx/lib/libnx.a(fs_dev.o)
 *fill*         0x000000000000f708        0x8 
 .text.fsdev_open
                0x000000000000f710      0x180 /opt/devkitpro/libnx/lib/libnx.a(fs_dev.o)
 .text._fsdevUnmountDeviceStruct.part.4
                0x000000000000f890       0xb8 /opt/devkitpro/libnx/lib/libnx.a(fs_dev.o)
 *fill*         0x000000000000f948        0x8 
 .text.fsdev_fchmod
                0x000000000000f950       0x10 /opt/devkitpro/libnx/lib/libnx.a(fs_dev.o)
 .text.fsdevMountSdmc
                0x000000000000f960      0x158 /opt/devkitpro/libnx/lib/libnx.a(fs_dev.o)
                0x000000000000f960                fsdevMountSdmc
 *fill*         0x000000000000fab8        0x8 
 .text.fsdevUnmountAll
                0x000000000000fac0       0x64 /opt/devkitpro/libnx/lib/libnx.a(fs_dev.o)
                0x000000000000fac0                fsdevUnmountAll
 *fill*         0x000000000000fb24        0xc 
 .text.decode_utf8
                0x000000000000fb30      0x12c /opt/devkitpro/libnx/lib/libnx.a(decode_utf8.o)
                0x000000000000fb30                decode_utf8
 *fill*         0x000000000000fc5c        0x4 
 .text.tmemCreate
                0x000000000000fc60       0xa8 /opt/devkitpro/libnx/lib/libnx.a(tmem.o)
                0x000000000000fc60                tmemCreate
 *fill*         0x000000000000fd08        0x8 
 .text.tmemUnmap
                0x000000000000fd10       0x58 /opt/devkitpro/libnx/lib/libnx.a(tmem.o)
                0x000000000000fd10                tmemUnmap
 *fill*         0x000000000000fd68        0x8 
 .text.tmemClose
                0x000000000000fd70       0x68 /opt/devkitpro/libnx/lib/libnx.a(tmem.o)
                0x000000000000fd70                tmemClose
 *fill*         0x000000000000fdd8        0x8 
 .text.ipcCloseObjectById
                0x000000000000fde0       0x34 /opt/devkitpro/libnx/lib/libnx.a(time.o)
 *fill*         0x000000000000fe14        0xc 
 .text._timeGetSession
                0x000000000000fe20      0x12c /opt/devkitpro/libnx/lib/libnx.a(time.o)
 *fill*         0x000000000000ff4c        0x4 
 .text.timeExit
                0x000000000000ff50      0x1ec /opt/devkitpro/libnx/lib/libnx.a(time.o)
                0x000000000000ff50                timeExit
 *fill*         0x000000000001013c        0x4 
 .text.timeInitialize
                0x0000000000010140       0xd8 /opt/devkitpro/libnx/lib/libnx.a(time.o)
                0x0000000000010140                timeInitialize
 *fill*         0x0000000000010218        0x8 
 .text.timeGetCurrentTime
                0x0000000000010220      0x124 /opt/devkitpro/libnx/lib/libnx.a(time.o)
                0x0000000000010220                timeGetCurrentTime
 *fill*         0x0000000000010344        0xc 
 .text.ipcCloseObjectById
                0x0000000000010350       0x34 /opt/devkitpro/libnx/lib/libnx.a(fs.o)
 *fill*         0x0000000000010384        0xc 
 .text.fsInitialize
                0x0000000000010390      0x124 /opt/devkitpro/libnx/lib/libnx.a(fs.o)
                0x0000000000010390                fsInitialize
 *fill*         0x00000000000104b4        0xc 
 .text.fsExit   0x00000000000104c0       0x9c /opt/devkitpro/libnx/lib/libnx.a(fs.o)
                0x00000000000104c0                fsExit
 *fill*         0x000000000001055c        0x4 
 .text.fsMountSdcard
                0x0000000000010560      0x134 /opt/devkitpro/libnx/lib/libnx.a(fs.o)
                0x0000000000010560                fsMountSdcard
 *fill*         0x0000000000010694        0xc 
 .text.fsFsCreateFile
                0x00000000000106a0       0xf4 /opt/devkitpro/libnx/lib/libnx.a(fs.o)
                0x00000000000106a0                fsFsCreateFile
 *fill*         0x0000000000010794        0xc 
 .text.fsFsDeleteFile
                0x00000000000107a0       0xf0 /opt/devkitpro/libnx/lib/libnx.a(fs.o)
                0x00000000000107a0                fsFsDeleteFile
 .text.fsFsCreateDirectory
                0x0000000000010890       0xf0 /opt/devkitpro/libnx/lib/libnx.a(fs.o)
                0x0000000000010890                fsFsCreateDirectory
 .text.fsFsDeleteDirectory
                0x0000000000010980       0xf0 /opt/devkitpro/libnx/lib/libnx.a(fs.o)
                0x0000000000010980                fsFsDeleteDirectory
 .text.fsFsRenameFile
                0x0000000000010a70      0x11c /opt/devkitpro/libnx/lib/libnx.a(fs.o)
                0x0000000000010a70                fsFsRenameFile
 *fill*         0x0000000000010b8c        0x4 
 .text.fsFsRenameDirectory
                0x0000000000010b90      0x11c /opt/devkitpro/libnx/lib/libnx.a(fs.o)
                0x0000000000010b90                fsFsRenameDirectory
 *fill*         0x0000000000010cac        0x4 
 .text.fsFsGetEntryType
                0x0000000000010cb0      0x104 /opt/devkitpro/libnx/lib/libnx.a(fs.o)
                0x0000000000010cb0                fsFsGetEntryType
 *fill*         0x0000000000010db4        0xc 
 .text.fsFsOpenFile
                0x0000000000010dc0      0x154 /opt/devkitpro/libnx/lib/libnx.a(fs.o)
                0x0000000000010dc0                fsFsOpenFile
 *fill*         0x0000000000010f14        0xc 
 .text.fsFsOpenDirectory
                0x0000000000010f20      0x14c /opt/devkitpro/libnx/lib/libnx.a(fs.o)
                0x0000000000010f20                fsFsOpenDirectory
 *fill*         0x000000000001106c        0x4 
 .text.fsFsGetFreeSpace
                0x0000000000011070      0x104 /opt/devkitpro/libnx/lib/libnx.a(fs.o)
                0x0000000000011070                fsFsGetFreeSpace
 *fill*         0x0000000000011174        0xc 
 .text.fsFsGetTotalSpace
                0x0000000000011180      0x104 /opt/devkitpro/libnx/lib/libnx.a(fs.o)
                0x0000000000011180                fsFsGetTotalSpace
 *fill*         0x0000000000011284        0xc 
 .text.fsFsClose
                0x0000000000011290       0x6c /opt/devkitpro/libnx/lib/libnx.a(fs.o)
                0x0000000000011290                fsFsClose
 *fill*         0x00000000000112fc        0x4 
 .text.fsFileRead
                0x0000000000011300      0x108 /opt/devkitpro/libnx/lib/libnx.a(fs.o)
                0x0000000000011300                fsFileRead
 *fill*         0x0000000000011408        0x8 
 .text.fsFileWrite
                0x0000000000011410       0xf8 /opt/devkitpro/libnx/lib/libnx.a(fs.o)
                0x0000000000011410                fsFileWrite
 *fill*         0x0000000000011508        0x8 
 .text.fsFileFlush
                0x0000000000011510       0xc8 /opt/devkitpro/libnx/lib/libnx.a(fs.o)
                0x0000000000011510                fsFileFlush
 *fill*         0x00000000000115d8        0x8 
 .text.fsFileSetSize
                0x00000000000115e0       0xc8 /opt/devkitpro/libnx/lib/libnx.a(fs.o)
                0x00000000000115e0                fsFileSetSize
 *fill*         0x00000000000116a8        0x8 
 .text.fsFileGetSize
                0x00000000000116b0       0xec /opt/devkitpro/libnx/lib/libnx.a(fs.o)
                0x00000000000116b0                fsFileGetSize
 *fill*         0x000000000001179c        0x4 
 .text.fsFileClose
                0x00000000000117a0       0x6c /opt/devkitpro/libnx/lib/libnx.a(fs.o)
                0x00000000000117a0                fsFileClose
 *fill*         0x000000000001180c        0x4 
 .text.fsDirClose
                0x0000000000011810       0x6c /opt/devkitpro/libnx/lib/libnx.a(fs.o)
                0x0000000000011810                fsDirClose
 *fill*         0x000000000001187c        0x4 
 .text.fsDirRead
                0x0000000000011880      0x110 /opt/devkitpro/libnx/lib/libnx.a(fs.o)
                0x0000000000011880                fsDirRead
 .text.nxlinkSetup
                0x0000000000011990       0xc4 /opt/devkitpro/libnx/lib/libnx.a(nxlink.o)
                0x0000000000011990                nxlinkSetup
 *fill*         0x0000000000011a54        0x4 
 .text.bsearch  0x0000000000011a58       0xb8 /opt/devkitpro/devkitA64/bin/../lib/gcc/aarch64-none-elf/8.2.0/../../../../aarch64-none-elf/lib/pic/libg.a(lib_a-bsearch.o)
                0x0000000000011a58                bsearch
 .text.__errno  0x0000000000011b10       0x14 /opt/devkitpro/devkitA64/bin/../lib/gcc/aarch64-none-elf/8.2.0/../../../../aarch64-none-elf/lib/pic/libg.a(lib_a-errno.o)
                0x0000000000011b10                __errno
 *fill*         0x0000000000011b24        0x4 
 .text.__libc_fini_array
                0x0000000000011b28       0x44 /opt/devkitpro/devkitA64/bin/../lib/gcc/aarch64-none-elf/8.2.0/../../../../aarch64-none-elf/lib/pic/libg.a(lib_a-fini.o)
                0x0000000000011b28                __libc_fini_array
 *fill*         0x0000000000011b6c        0x4 
 .text.fprintf  0x0000000000011b70       0x94 /opt/devkitpro/devkitA64/bin/../lib/gcc/aarch64-none-elf/8.2.0/../../../../aarch64-none-elf/lib/pic/libg.a(lib_a-fprintf.o)
                0x0000000000011b70                fprintf
 *fill*         0x0000000000011c04        0x4 
 .text.__libc_init_array
                0x0000000000011c08       0x8c /opt/devkitpro/devkitA64/bin/../lib/gcc/aarch64-none-elf/8.2.0/../../../../aarch64-none-elf/lib/pic/libg.a(lib_a-init.o)
                0x0000000000011c08                __libc_init_array
 *fill*         0x0000000000011c94        0x4 
 .text.__locale_mb_cur_max
                0x0000000000011c98       0x2c /opt/devkitpro/devkitA64/bin/../lib/gcc/aarch64-none-elf/8.2.0/../../../../aarch64-none-elf/lib/pic/libg.a(lib_a-locale.o)
                0x0000000000011c98                __locale_mb_cur_max
 *fill*         0x0000000000011cc4        0x4 
 .text.__locale_ctype_ptr_l
                0x0000000000011cc8        0x8 /opt/devkitpro/devkitA64/bin/../lib/gcc/aarch64-none-elf/8.2.0/../../../../aarch64-none-elf/lib/pic/libg.a(lib_a-locale.o)
                0x0000000000011cc8                __locale_ctype_ptr_l
 .text.__locale_ctype_ptr
                0x0000000000011cd0       0x2c /opt/devkitpro/devkitA64/bin/../lib/gcc/aarch64-none-elf/8.2.0/../../../../aarch64-none-elf/lib/pic/libg.a(lib_a-locale.o)
                0x0000000000011cd0                __locale_ctype_ptr
 *fill*         0x0000000000011cfc        0x4 
 .text.memalign
                0x0000000000011d00       0x30 /opt/devkitpro/devkitA64/bin/../lib/gcc/aarch64-none-elf/8.2.0/../../../../aarch64-none-elf/lib/pic/libg.a(lib_a-malign.o)
                0x0000000000011d00                memalign
 .text._memalign_r
                0x0000000000011d30      0x198 /opt/devkitpro/devkitA64/bin/../lib/gcc/aarch64-none-elf/8.2.0/../../../../aarch64-none-elf/lib/pic/libg.a(lib_a-malignr.o)
                0x0000000000011d30                _memalign_r
 .text.malloc   0x0000000000011ec8       0x1c /opt/devkitpro/devkitA64/bin/../lib/gcc/aarch64-none-elf/8.2.0/../../../../aarch64-none-elf/lib/pic/libg.a(lib_a-malloc.o)
                0x0000000000011ec8                malloc
 *fill*         0x0000000000011ee4        0x4 
 .text.free     0x0000000000011ee8       0x1c /opt/devkitpro/devkitA64/bin/../lib/gcc/aarch64-none-elf/8.2.0/../../../../aarch64-none-elf/lib/pic/libg.a(lib_a-malloc.o)
                0x0000000000011ee8                free
 *fill*         0x0000000000011f04        0x4 
 .text._malloc_r
                0x0000000000011f08      0x844 /opt/devkitpro/devkitA64/bin/../lib/gcc/aarch64-none-elf/8.2.0/../../../../aarch64-none-elf/lib/pic/libg.a(lib_a-mallocr.o)
                0x0000000000011f08                _malloc_r
 *fill*         0x000000000001274c        0x4 
 .text.__utf8_mbtowc
                0x0000000000012750      0x2c8 /opt/devkitpro/devkitA64/bin/../lib/gcc/aarch64-none-elf/8.2.0/../../../../aarch64-none-elf/lib/pic/libg.a(lib_a-mbtowc_r.o)
                0x0000000000012750                __utf8_mbtowc
 .text          0x0000000000012a18       0xd8 /opt/devkitpro/devkitA64/bin/../lib/gcc/aarch64-none-elf/8.2.0/../../../../aarch64-none-elf/lib/pic/libg.a(lib_a-memchr.o)
                0x0000000000012a18                memchr
 *fill*         0x0000000000012af0       0x10 
 .text          0x0000000000012b00      0x16c /opt/devkitpro/devkitA64/bin/../lib/gcc/aarch64-none-elf/8.2.0/../../../../aarch64-none-elf/lib/pic/libg.a(lib_a-memcpy.o)
                0x0000000000012b00                memcpy
 *fill*         0x0000000000012c6c       0x14 
 .text          0x0000000000012c80       0xac /opt/devkitpro/devkitA64/bin/../lib/gcc/aarch64-none-elf/8.2.0/../../../../aarch64-none-elf/lib/pic/libg.a(lib_a-memmove.o)
                0x0000000000012c80                memmove
 *fill*         0x0000000000012d2c       0x14 
 .text          0x0000000000012d40      0x1d8 /opt/devkitpro/devkitA64/bin/../lib/gcc/aarch64-none-elf/8.2.0/../../../../aarch64-none-elf/lib/pic/libg.a(lib_a-memset.o)
                0x0000000000012d40                memset
 .text.__malloc_lock
                0x0000000000012f18        0xc /opt/devkitpro/devkitA64/bin/../lib/gcc/aarch64-none-elf/8.2.0/../../../../aarch64-none-elf/lib/pic/libg.a(lib_a-mlock.o)
                0x0000000000012f18                __malloc_lock
 *fill*         0x0000000000012f24        0x4 
 .text.__malloc_unlock
                0x0000000000012f28        0xc /opt/devkitpro/devkitA64/bin/../lib/gcc/aarch64-none-elf/8.2.0/../../../../aarch64-none-elf/lib/pic/libg.a(lib_a-mlock.o)
                0x0000000000012f28                __malloc_unlock
 *fill*         0x0000000000012f34        0x4 
 .text.printf   0x0000000000012f38       0x8c /opt/devkitpro/devkitA64/bin/../lib/gcc/aarch64-none-elf/8.2.0/../../../../aarch64-none-elf/lib/pic/libg.a(lib_a-printf.o)
                0x0000000000012f38                printf
 *fill*         0x0000000000012fc4        0x4 
 .text._puts_r  0x0000000000012fc8       0xd4 /opt/devkitpro/devkitA64/bin/../lib/gcc/aarch64-none-elf/8.2.0/../../../../aarch64-none-elf/lib/pic/libg.a(lib_a-puts.o)
                0x0000000000012fc8                _puts_r
 *fill*         0x000000000001309c        0x4 
 .text.puts     0x00000000000130a0       0x1c /opt/devkitpro/devkitA64/bin/../lib/gcc/aarch64-none-elf/8.2.0/../../../../aarch64-none-elf/lib/pic/libg.a(lib_a-puts.o)
                0x00000000000130a0                puts
 *fill*         0x00000000000130bc        0x4 
 .text.setvbuf  0x00000000000130c0      0x25c /opt/devkitpro/devkitA64/bin/../lib/gcc/aarch64-none-elf/8.2.0/../../../../aarch64-none-elf/lib/pic/libg.a(lib_a-setvbuf.o)
                0x00000000000130c0                setvbuf
 *fill*         0x000000000001331c        0x4 
 .text.sprintf  0x0000000000013320       0xa8 /opt/devkitpro/devkitA64/bin/../lib/gcc/aarch64-none-elf/8.2.0/../../../../aarch64-none-elf/lib/pic/libg.a(lib_a-sprintf.o)
                0x0000000000013320                sprintf
 .text.sscanf   0x00000000000133c8       0xbc /opt/devkitpro/devkitA64/bin/../lib/gcc/aarch64-none-elf/8.2.0/../../../../aarch64-none-elf/lib/pic/libg.a(lib_a-sscanf.o)
                0x00000000000133c8                sscanf
 *fill*         0x0000000000013484        0x4 
 .text.__sread  0x0000000000013488       0x50 /opt/devkitpro/devkitA64/bin/../lib/gcc/aarch64-none-elf/8.2.0/../../../../aarch64-none-elf/lib/pic/libg.a(lib_a-stdio.o)
                0x0000000000013488                __sread
 .text.__seofread
                0x00000000000134d8        0x8 /opt/devkitpro/devkitA64/bin/../lib/gcc/aarch64-none-elf/8.2.0/../../../../aarch64-none-elf/lib/pic/libg.a(lib_a-stdio.o)
                0x00000000000134d8                __seofread
 .text.__swrite
                0x00000000000134e0       0x6c /opt/devkitpro/devkitA64/bin/../lib/gcc/aarch64-none-elf/8.2.0/../../../../aarch64-none-elf/lib/pic/libg.a(lib_a-stdio.o)
                0x00000000000134e0                __swrite
 *fill*         0x000000000001354c        0x4 
 .text.__sseek  0x0000000000013550       0x50 /opt/devkitpro/devkitA64/bin/../lib/gcc/aarch64-none-elf/8.2.0/../../../../aarch64-none-elf/lib/pic/libg.a(lib_a-stdio.o)
                0x0000000000013550                __sseek
 .text.__sclose
                0x00000000000135a0        0x8 /opt/devkitpro/devkitA64/bin/../lib/gcc/aarch64-none-elf/8.2.0/../../../../aarch64-none-elf/lib/pic/libg.a(lib_a-stdio.o)
                0x00000000000135a0                __sclose
 .text          0x00000000000135a8       0xdc /opt/devkitpro/devkitA64/bin/../lib/gcc/aarch64-none-elf/8.2.0/../../../../aarch64-none-elf/lib/pic/libg.a(lib_a-strchr.o)
                0x00000000000135a8                strchr
 *fill*         0x0000000000013684       0x3c 
 .text          0x00000000000136c0       0xa4 /opt/devkitpro/devkitA64/bin/../lib/gcc/aarch64-none-elf/8.2.0/../../../../aarch64-none-elf/lib/pic/libg.a(lib_a-strcmp.o)
                0x00000000000136c0                strcmp
 *fill*         0x0000000000013764       0x1c 
 .text          0x0000000000013780      0x140 /opt/devkitpro/devkitA64/bin/../lib/gcc/aarch64-none-elf/8.2.0/../../../../aarch64-none-elf/lib/pic/libg.a(lib_a-strlen.o)
                0x0000000000013780                strlen
 .text.strncat  0x00000000000138c0       0x84 /opt/devkitpro/devkitA64/bin/../lib/gcc/aarch64-none-elf/8.2.0/../../../../aarch64-none-elf/lib/pic/libg.a(lib_a-strncat.o)
                0x00000000000138c0                strncat
 *fill*         0x0000000000013944       0x3c 
 .text          0x0000000000013980      0x124 /opt/devkitpro/devkitA64/bin/../lib/gcc/aarch64-none-elf/8.2.0/../../../../aarch64-none-elf/lib/pic/libg.a(lib_a-strncmp.o)
                0x000000000001399c                strncmp
 *fill*         0x0000000000013aa4        0x4 
 .text.strncpy  0x0000000000013aa8       0xa8 /opt/devkitpro/devkitA64/bin/../lib/gcc/aarch64-none-elf/8.2.0/../../../../aarch64-none-elf/lib/pic/libg.a(lib_a-strncpy.o)
                0x0000000000013aa8                strncpy
 *fill*         0x0000000000013b50       0x30 
 .text          0x0000000000013b80       0xe0 /opt/devkitpro/devkitA64/bin/../lib/gcc/aarch64-none-elf/8.2.0/../../../../aarch64-none-elf/lib/pic/libg.a(lib_a-strnlen.o)
                0x0000000000013ba4                strnlen
 .text._strtol_l.isra.0
                0x0000000000013c60      0x1d0 /opt/devkitpro/devkitA64/bin/../lib/gcc/aarch64-none-elf/8.2.0/../../../../aarch64-none-elf/lib/pic/libg.a(lib_a-strtol.o)
 .text._strtol_r
                0x0000000000013e30       0x48 /opt/devkitpro/devkitA64/bin/../lib/gcc/aarch64-none-elf/8.2.0/../../../../aarch64-none-elf/lib/pic/libg.a(lib_a-strtol.o)
                0x0000000000013e30                _strtol_r
 .text._strtoul_l.isra.0
                0x0000000000013e78      0x1e0 /opt/devkitpro/devkitA64/bin/../lib/gcc/aarch64-none-elf/8.2.0/../../../../aarch64-none-elf/lib/pic/libg.a(lib_a-strtoul.o)
 .text._strtoul_r
                0x0000000000014058       0x48 /opt/devkitpro/devkitA64/bin/../lib/gcc/aarch64-none-elf/8.2.0/../../../../aarch64-none-elf/lib/pic/libg.a(lib_a-strtoul.o)
                0x0000000000014058                _strtoul_r
 .text.strtoul  0x00000000000140a0       0x5c /opt/devkitpro/devkitA64/bin/../lib/gcc/aarch64-none-elf/8.2.0/../../../../aarch64-none-elf/lib/pic/libg.a(lib_a-strtoul.o)
                0x00000000000140a0                strtoul
 .text.get_arg  0x00000000000140fc      0x76c /opt/devkitpro/devkitA64/bin/../lib/gcc/aarch64-none-elf/8.2.0/../../../../aarch64-none-elf/lib/pic/libg.a(lib_a-svfprintf.o)
 .text._svfprintf_r
                0x0000000000014868     0x3b44 /opt/devkitpro/devkitA64/bin/../lib/gcc/aarch64-none-elf/8.2.0/../../../../aarch64-none-elf/lib/pic/libg.a(lib_a-svfprintf.o)
                0x0000000000014868                _svfprintf_r
 .text.get_arg  0x00000000000183ac       0x5c /opt/devkitpro/devkitA64/bin/../lib/gcc/aarch64-none-elf/8.2.0/../../../../aarch64-none-elf/lib/pic/libg.a(lib_a-svfscanf.o)
 .text.__ssvfscanf_r
                0x0000000000018408     0x2f48 /opt/devkitpro/devkitA64/bin/../lib/gcc/aarch64-none-elf/8.2.0/../../../../aarch64-none-elf/lib/pic/libg.a(lib_a-svfscanf.o)
                0x0000000000018408                __ssvfscanf_r
 .text.time     0x000000000001b350       0x40 /opt/devkitpro/devkitA64/bin/../lib/gcc/aarch64-none-elf/8.2.0/../../../../aarch64-none-elf/lib/pic/libg.a(lib_a-time.o)
                0x000000000001b350                time
 .text.__sprint_r
                0x000000000001b390       0x3c /opt/devkitpro/devkitA64/bin/../lib/gcc/aarch64-none-elf/8.2.0/../../../../aarch64-none-elf/lib/pic/libg.a(lib_a-vfiprintf.o)
                0x000000000001b390                __sprint_r
 .text.get_arg  0x000000000001b3cc      0x76c /opt/devkitpro/devkitA64/bin/../lib/gcc/aarch64-none-elf/8.2.0/../../../../aarch64-none-elf/lib/pic/libg.a(lib_a-vfprintf.o)
 .text._vfprintf_r
                0x000000000001bb38     0x3bfc /opt/devkitpro/devkitA64/bin/../lib/gcc/aarch64-none-elf/8.2.0/../../../../aarch64-none-elf/lib/pic/libg.a(lib_a-vfprintf.o)
                0x000000000001bb38                _vfprintf_r
 .text.__sbprintf
                0x000000000001f734       0xec /opt/devkitpro/devkitA64/bin/../lib/gcc/aarch64-none-elf/8.2.0/../../../../aarch64-none-elf/lib/pic/libg.a(lib_a-vfprintf.o)
 .text._wcrtomb_r
                0x000000000001f820       0xd0 /opt/devkitpro/devkitA64/bin/../lib/gcc/aarch64-none-elf/8.2.0/../../../../aarch64-none-elf/lib/pic/libg.a(lib_a-wcrtomb.o)
                0x000000000001f820                _wcrtomb_r
 .text._wcsrtombs_r
                0x000000000001f8f0       0x10 /opt/devkitpro/devkitA64/bin/../lib/gcc/aarch64-none-elf/8.2.0/../../../../aarch64-none-elf/lib/pic/libg.a(lib_a-wcsrtombs.o)
                0x000000000001f8f0                _wcsrtombs_r
 .text.__utf8_wctomb
                0x000000000001f900       0xe4 /opt/devkitpro/devkitA64/bin/../lib/gcc/aarch64-none-elf/8.2.0/../../../../aarch64-none-elf/lib/pic/libg.a(lib_a-wctomb_r.o)
                0x000000000001f900                __utf8_wctomb
 *fill*         0x000000000001f9e4        0x4 
 .text.__swsetup_r
                0x000000000001f9e8      0x140 /opt/devkitpro/devkitA64/bin/../lib/gcc/aarch64-none-elf/8.2.0/../../../../aarch64-none-elf/lib/pic/libg.a(lib_a-wsetup.o)
                0x000000000001f9e8                __swsetup_r
 .text.__call_exitprocs
                0x000000000001fb28      0x17c /opt/devkitpro/devkitA64/bin/../lib/gcc/aarch64-none-elf/8.2.0/../../../../aarch64-none-elf/lib/pic/libg.a(lib_a-__call_atexit.o)
                0x000000000001fb28                __call_exitprocs
 *fill*         0x000000000001fca4        0x4 
 .text.quorem   0x000000000001fca8      0x1a8 /opt/devkitpro/devkitA64/bin/../lib/gcc/aarch64-none-elf/8.2.0/../../../../aarch64-none-elf/lib/pic/libg.a(lib_a-dtoa.o)
 .text._dtoa_r  0x000000000001fe50     0x10dc /opt/devkitpro/devkitA64/bin/../lib/gcc/aarch64-none-elf/8.2.0/../../../../aarch64-none-elf/lib/pic/libg.a(lib_a-dtoa.o)
                0x000000000001fe50                _dtoa_r
 *fill*         0x0000000000020f2c        0x4 
 .text.__sflush_r
                0x0000000000020f30      0x214 /opt/devkitpro/devkitA64/bin/../lib/gcc/aarch64-none-elf/8.2.0/../../../../aarch64-none-elf/lib/pic/libg.a(lib_a-fflush.o)
                0x0000000000020f30                __sflush_r
 *fill*         0x0000000000021144        0x4 
 .text._fflush_r
                0x0000000000021148       0xb8 /opt/devkitpro/devkitA64/bin/../lib/gcc/aarch64-none-elf/8.2.0/../../../../aarch64-none-elf/lib/pic/libg.a(lib_a-fflush.o)
                0x0000000000021148                _fflush_r
 .text.std      0x0000000000021200       0x78 /opt/devkitpro/devkitA64/bin/../lib/gcc/aarch64-none-elf/8.2.0/../../../../aarch64-none-elf/lib/pic/libg.a(lib_a-findfp.o)
 .text._cleanup_r
                0x0000000000021278        0xc /opt/devkitpro/devkitA64/bin/../lib/gcc/aarch64-none-elf/8.2.0/../../../../aarch64-none-elf/lib/pic/libg.a(lib_a-findfp.o)
                0x0000000000021278                _cleanup_r
 *fill*         0x0000000000021284        0x4 
 .text.__sfp_lock_acquire
                0x0000000000021288        0xc /opt/devkitpro/devkitA64/bin/../lib/gcc/aarch64-none-elf/8.2.0/../../../../aarch64-none-elf/lib/pic/libg.a(lib_a-findfp.o)
                0x0000000000021288                __sfp_lock_acquire
 *fill*         0x0000000000021294        0x4 
 .text.__sfp_lock_release
                0x0000000000021298        0xc /opt/devkitpro/devkitA64/bin/../lib/gcc/aarch64-none-elf/8.2.0/../../../../aarch64-none-elf/lib/pic/libg.a(lib_a-findfp.o)
                0x0000000000021298                __sfp_lock_release
 *fill*         0x00000000000212a4        0x4 
 .text.__sinit_lock_acquire
                0x00000000000212a8        0xc /opt/devkitpro/devkitA64/bin/../lib/gcc/aarch64-none-elf/8.2.0/../../../../aarch64-none-elf/lib/pic/libg.a(lib_a-findfp.o)
                0x00000000000212a8                __sinit_lock_acquire
 *fill*         0x00000000000212b4        0x4 
 .text.__sinit_lock_release
                0x00000000000212b8        0xc /opt/devkitpro/devkitA64/bin/../lib/gcc/aarch64-none-elf/8.2.0/../../../../aarch64-none-elf/lib/pic/libg.a(lib_a-findfp.o)
                0x00000000000212b8                __sinit_lock_release
 *fill*         0x00000000000212c4        0x4 
 .text.__sinit  0x00000000000212c8       0x80 /opt/devkitpro/devkitA64/bin/../lib/gcc/aarch64-none-elf/8.2.0/../../../../aarch64-none-elf/lib/pic/libg.a(lib_a-findfp.o)
                0x00000000000212c8                __sinit
 .text._malloc_trim_r
                0x0000000000021348      0x118 /opt/devkitpro/devkitA64/bin/../lib/gcc/aarch64-none-elf/8.2.0/../../../../aarch64-none-elf/lib/pic/libg.a(lib_a-freer.o)
                0x0000000000021348                _malloc_trim_r
 .text._free_r  0x0000000000021460      0x2f4 /opt/devkitpro/devkitA64/bin/../lib/gcc/aarch64-none-elf/8.2.0/../../../../aarch64-none-elf/lib/pic/libg.a(lib_a-freer.o)
                0x0000000000021460                _free_r
 *fill*         0x0000000000021754        0x4 
 .text.__sfvwrite_r
                0x0000000000021758      0x4b8 /opt/devkitpro/devkitA64/bin/../lib/gcc/aarch64-none-elf/8.2.0/../../../../aarch64-none-elf/lib/pic/libg.a(lib_a-fvwrite.o)
                0x0000000000021758                __sfvwrite_r
 .text._fwalk_reent
                0x0000000000021c10       0xbc /opt/devkitpro/devkitA64/bin/../lib/gcc/aarch64-none-elf/8.2.0/../../../../aarch64-none-elf/lib/pic/libg.a(lib_a-fwalk.o)
                0x0000000000021c10                _fwalk_reent
 *fill*         0x0000000000021ccc        0x4 
 .text.iswspace
                0x0000000000021cd0       0x84 /opt/devkitpro/devkitA64/bin/../lib/gcc/aarch64-none-elf/8.2.0/../../../../aarch64-none-elf/lib/pic/libg.a(lib_a-iswspace.o)
                0x0000000000021cd0                iswspace
 *fill*         0x0000000000021d54        0x4 
 .text.__jp2uc  0x0000000000021d58      0x244 /opt/devkitpro/devkitA64/bin/../lib/gcc/aarch64-none-elf/8.2.0/../../../../aarch64-none-elf/lib/pic/libg.a(lib_a-jp2uc.o)
 *fill*         0x0000000000021f9c        0x4 
 .text._jp2uc   0x0000000000021fa0       0xd0 /opt/devkitpro/devkitA64/bin/../lib/gcc/aarch64-none-elf/8.2.0/../../../../aarch64-none-elf/lib/pic/libg.a(lib_a-jp2uc.o)
                0x0000000000021fa0                _jp2uc
 .text.__localeconv_l
                0x0000000000022070        0x8 /opt/devkitpro/devkitA64/bin/../lib/gcc/aarch64-none-elf/8.2.0/../../../../aarch64-none-elf/lib/pic/libg.a(lib_a-localeconv.o)
                0x0000000000022070                __localeconv_l
 .text._localeconv_r
                0x0000000000022078       0x28 /opt/devkitpro/devkitA64/bin/../lib/gcc/aarch64-none-elf/8.2.0/../../../../aarch64-none-elf/lib/pic/libg.a(lib_a-localeconv.o)
                0x0000000000022078                _localeconv_r
 .text.__swhatbuf_r
                0x00000000000220a0       0xa4 /opt/devkitpro/devkitA64/bin/../lib/gcc/aarch64-none-elf/8.2.0/../../../../aarch64-none-elf/lib/pic/libg.a(lib_a-makebuf.o)
                0x00000000000220a0                __swhatbuf_r
 *fill*         0x0000000000022144        0x4 
 .text.__smakebuf_r
                0x0000000000022148      0x10c /opt/devkitpro/devkitA64/bin/../lib/gcc/aarch64-none-elf/8.2.0/../../../../aarch64-none-elf/lib/pic/libg.a(lib_a-makebuf.o)
                0x0000000000022148                __smakebuf_r
 *fill*         0x0000000000022254        0x4 
 .text._mbrtowc_r
                0x0000000000022258       0xd8 /opt/devkitpro/devkitA64/bin/../lib/gcc/aarch64-none-elf/8.2.0/../../../../aarch64-none-elf/lib/pic/libg.a(lib_a-mbrtowc.o)
                0x0000000000022258                _mbrtowc_r
 .text._Balloc  0x0000000000022330       0x90 /opt/devkitpro/devkitA64/bin/../lib/gcc/aarch64-none-elf/8.2.0/../../../../aarch64-none-elf/lib/pic/libg.a(lib_a-mprec.o)
                0x0000000000022330                _Balloc
 .text._Bfree   0x00000000000223c0       0x1c /opt/devkitpro/devkitA64/bin/../lib/gcc/aarch64-none-elf/8.2.0/../../../../aarch64-none-elf/lib/pic/libg.a(lib_a-mprec.o)
                0x00000000000223c0                _Bfree
 *fill*         0x00000000000223dc        0x4 
 .text.__multadd
                0x00000000000223e0       0xe8 /opt/devkitpro/devkitA64/bin/../lib/gcc/aarch64-none-elf/8.2.0/../../../../aarch64-none-elf/lib/pic/libg.a(lib_a-mprec.o)
                0x00000000000223e0                __multadd
 .text.__s2b    0x00000000000224c8      0x120 /opt/devkitpro/devkitA64/bin/../lib/gcc/aarch64-none-elf/8.2.0/../../../../aarch64-none-elf/lib/pic/libg.a(lib_a-mprec.o)
                0x00000000000224c8                __s2b
 .text.__hi0bits
                0x00000000000225e8       0x5c /opt/devkitpro/devkitA64/bin/../lib/gcc/aarch64-none-elf/8.2.0/../../../../aarch64-none-elf/lib/pic/libg.a(lib_a-mprec.o)
                0x00000000000225e8                __hi0bits
 *fill*         0x0000000000022644        0x4 
 .text.__lo0bits
                0x0000000000022648       0xa0 /opt/devkitpro/devkitA64/bin/../lib/gcc/aarch64-none-elf/8.2.0/../../../../aarch64-none-elf/lib/pic/libg.a(lib_a-mprec.o)
                0x0000000000022648                __lo0bits
 .text.__i2b    0x00000000000226e8       0x2c /opt/devkitpro/devkitA64/bin/../lib/gcc/aarch64-none-elf/8.2.0/../../../../aarch64-none-elf/lib/pic/libg.a(lib_a-mprec.o)
                0x00000000000226e8                __i2b
 *fill*         0x0000000000022714        0x4 
 .text.__multiply
                0x0000000000022718      0x1c8 /opt/devkitpro/devkitA64/bin/../lib/gcc/aarch64-none-elf/8.2.0/../../../../aarch64-none-elf/lib/pic/libg.a(lib_a-mprec.o)
                0x0000000000022718                __multiply
 .text.__pow5mult
                0x00000000000228e0      0x104 /opt/devkitpro/devkitA64/bin/../lib/gcc/aarch64-none-elf/8.2.0/../../../../aarch64-none-elf/lib/pic/libg.a(lib_a-mprec.o)
                0x00000000000228e0                __pow5mult
 *fill*         0x00000000000229e4        0x4 
 .text.__lshift
                0x00000000000229e8      0x134 /opt/devkitpro/devkitA64/bin/../lib/gcc/aarch64-none-elf/8.2.0/../../../../aarch64-none-elf/lib/pic/libg.a(lib_a-mprec.o)
                0x00000000000229e8                __lshift
 *fill*         0x0000000000022b1c        0x4 
 .text.__mcmp   0x0000000000022b20       0x50 /opt/devkitpro/devkitA64/bin/../lib/gcc/aarch64-none-elf/8.2.0/../../../../aarch64-none-elf/lib/pic/libg.a(lib_a-mprec.o)
                0x0000000000022b20                __mcmp
 .text.__mdiff  0x0000000000022b70      0x14c /opt/devkitpro/devkitA64/bin/../lib/gcc/aarch64-none-elf/8.2.0/../../../../aarch64-none-elf/lib/pic/libg.a(lib_a-mprec.o)
                0x0000000000022b70                __mdiff
 *fill*         0x0000000000022cbc        0x4 
 .text.__ulp    0x0000000000022cc0       0x68 /opt/devkitpro/devkitA64/bin/../lib/gcc/aarch64-none-elf/8.2.0/../../../../aarch64-none-elf/lib/pic/libg.a(lib_a-mprec.o)
                0x0000000000022cc0                __ulp
 .text.__b2d    0x0000000000022d28      0x150 /opt/devkitpro/devkitA64/bin/../lib/gcc/aarch64-none-elf/8.2.0/../../../../aarch64-none-elf/lib/pic/libg.a(lib_a-mprec.o)
                0x0000000000022d28                __b2d
 .text.__d2b    0x0000000000022e78      0x138 /opt/devkitpro/devkitA64/bin/../lib/gcc/aarch64-none-elf/8.2.0/../../../../aarch64-none-elf/lib/pic/libg.a(lib_a-mprec.o)
                0x0000000000022e78                __d2b
 .text.__ratio  0x0000000000022fb0       0xa0 /opt/devkitpro/devkitA64/bin/../lib/gcc/aarch64-none-elf/8.2.0/../../../../aarch64-none-elf/lib/pic/libg.a(lib_a-mprec.o)
                0x0000000000022fb0                __ratio
 .text.__copybits
                0x0000000000023050       0x68 /opt/devkitpro/devkitA64/bin/../lib/gcc/aarch64-none-elf/8.2.0/../../../../aarch64-none-elf/lib/pic/libg.a(lib_a-mprec.o)
                0x0000000000023050                __copybits
 .text.__any_on
                0x00000000000230b8       0x84 /opt/devkitpro/devkitA64/bin/../lib/gcc/aarch64-none-elf/8.2.0/../../../../aarch64-none-elf/lib/pic/libg.a(lib_a-mprec.o)
                0x00000000000230b8                __any_on
 *fill*         0x000000000002313c        0x4 
 .text.realloc  0x0000000000023140       0x30 /opt/devkitpro/devkitA64/bin/../lib/gcc/aarch64-none-elf/8.2.0/../../../../aarch64-none-elf/lib/pic/libg.a(lib_a-realloc.o)
                0x0000000000023140                realloc
 .text._realloc_r
                0x0000000000023170      0x56c /opt/devkitpro/devkitA64/bin/../lib/gcc/aarch64-none-elf/8.2.0/../../../../aarch64-none-elf/lib/pic/libg.a(lib_a-reallocr.o)
                0x0000000000023170                _realloc_r
 *fill*         0x00000000000236dc        0x4 
 .text.__sccl   0x00000000000236e0       0xbc /opt/devkitpro/devkitA64/bin/../lib/gcc/aarch64-none-elf/8.2.0/../../../../aarch64-none-elf/lib/pic/libg.a(lib_a-sccl.o)
                0x00000000000236e0                __sccl
 *fill*         0x000000000002379c        0x4 
 .text.nanf     0x00000000000237a0        0xc /opt/devkitpro/devkitA64/bin/../lib/gcc/aarch64-none-elf/8.2.0/../../../../aarch64-none-elf/lib/pic/libg.a(lib_a-sf_nan.o)
                0x00000000000237a0                nanf
 *fill*         0x00000000000237ac        0x4 
 .text.frexp    0x00000000000237b0       0x7c /opt/devkitpro/devkitA64/bin/../lib/gcc/aarch64-none-elf/8.2.0/../../../../aarch64-none-elf/lib/pic/libg.a(lib_a-s_frexp.o)
                0x00000000000237b0                frexp
 *fill*         0x000000000002382c        0x4 
 .text.stpncpy  0x0000000000023830       0xc8 /opt/devkitpro/devkitA64/bin/../lib/gcc/aarch64-none-elf/8.2.0/../../../../aarch64-none-elf/lib/pic/libg.a(lib_a-stpncpy.o)
                0x0000000000023830                stpncpy
 .text.sulp     0x00000000000238f8       0x54 /opt/devkitpro/devkitA64/bin/../lib/gcc/aarch64-none-elf/8.2.0/../../../../aarch64-none-elf/lib/pic/libg.a(lib_a-strtod.o)
 *fill*         0x000000000002394c        0x4 
 .text._strtod_l
                0x0000000000023950     0x10f0 /opt/devkitpro/devkitA64/bin/../lib/gcc/aarch64-none-elf/8.2.0/../../../../aarch64-none-elf/lib/pic/libg.a(lib_a-strtod.o)
                0x0000000000023950                _strtod_l
 .text._strtod_r
                0x0000000000024a40       0x40 /opt/devkitpro/devkitA64/bin/../lib/gcc/aarch64-none-elf/8.2.0/../../../../aarch64-none-elf/lib/pic/libg.a(lib_a-strtod.o)
                0x0000000000024a40                _strtod_r
 .text._strtoll_l.isra.0
                0x0000000000024a80      0x1d0 /opt/devkitpro/devkitA64/bin/../lib/gcc/aarch64-none-elf/8.2.0/../../../../aarch64-none-elf/lib/pic/libg.a(lib_a-strtoll.o)
 .text._strtoll_r
                0x0000000000024c50       0x48 /opt/devkitpro/devkitA64/bin/../lib/gcc/aarch64-none-elf/8.2.0/../../../../aarch64-none-elf/lib/pic/libg.a(lib_a-strtoll.o)
                0x0000000000024c50                _strtoll_r
 .text._strtoull_l.isra.0